20230212 06:46:45,ANOOBIS,root,localhost,15,78,QUERY,bisnis,'USE `bisnis`',0
20230212 06:46:46,ANOOBIS,root,localhost,15,79,QUERY,bisnis,'SELECT `DEFAULT_COLLATION_NAME` FROM `information_schema`.`SCHEMATA` WHERE `SCHEMA_NAME`=\'bisnis\'',0
20230212 06:46:46,ANOOBIS,root,localhost,15,80,QUERY,bisnis,'SHOW TABLE STATUS FROM `bisnis`',0
20230212 06:46:46,ANOOBIS,root,localhost,15,81,READ,mysql,proc,
20230212 06:46:46,ANOOBIS,root,localhost,15,81,QUERY,bisnis,'SHOW FUNCTION STATUS WHERE `Db`=\'bisnis\'',0
20230212 06:46:46,ANOOBIS,root,localhost,15,82,READ,mysql,proc,
20230212 06:46:46,ANOOBIS,root,localhost,15,82,QUERY,bisnis,'SHOW PROCEDURE STATUS WHERE `Db`=\'bisnis\'',0
20230212 06:46:46,ANOOBIS,root,localhost,15,83,QUERY,bisnis,'SHOW TRIGGERS FROM `bisnis`',0
20230212 06:46:46,ANOOBIS,root,localhost,15,84,READ,mysql,event,
20230212 06:46:46,ANOOBIS,root,localhost,15,84,QUERY,bisnis,'SELECT *, EVENT_SCHEMA AS `Db`, EVENT_NAME AS `Name` FROM information_schema.`EVENTS` WHERE `EVENT_SCHEMA`=\'bisnis\'',0
20230212 06:46:48,ANOOBIS,root,localhost,15,85,QUERY,company,'USE `company`',0
20230212 06:46:48,ANOOBIS,root,localhost,15,86,QUERY,company,'SELECT `DEFAULT_COLLATION_NAME` FROM `information_schema`.`SCHEMATA` WHERE `SCHEMA_NAME`=\'company\'',0
20230212 06:46:48,ANOOBIS,root,localhost,15,87,READ,mysql,proc,
20230212 06:46:48,ANOOBIS,root,localhost,15,87,READ,mysql,proc,
20230212 06:46:48,ANOOBIS,root,localhost,15,87,QUERY,company,'SHOW TABLE STATUS FROM `company`',0
20230212 06:46:48,ANOOBIS,root,localhost,15,88,READ,mysql,proc,
20230212 06:46:48,ANOOBIS,root,localhost,15,88,QUERY,company,'SHOW FUNCTION STATUS WHERE `Db`=\'company\'',0
20230212 06:46:48,ANOOBIS,root,localhost,15,89,READ,mysql,proc,
20230212 06:46:48,ANOOBIS,root,localhost,15,89,QUERY,company,'SHOW PROCEDURE STATUS WHERE `Db`=\'company\'',0
20230212 06:46:48,ANOOBIS,root,localhost,15,90,QUERY,company,'SHOW TRIGGERS FROM `company`',0
20230212 06:46:48,ANOOBIS,root,localhost,15,91,READ,mysql,event,
20230212 06:46:48,ANOOBIS,root,localhost,15,91,QUERY,company,'SELECT *, EVENT_SCHEMA AS `Db`, EVENT_NAME AS `Name` FROM information_schema.`EVENTS` WHERE `EVENT_SCHEMA`=\'company\'',0
20230212 06:46:51,ANOOBIS,root,localhost,15,92,QUERY,company,'SELECT `DEFAULT_COLLATION_NAME` FROM `information_schema`.`SCHEMATA` WHERE `SCHEMA_NAME`=\'crsample\'',0
20230212 06:46:51,ANOOBIS,root,localhost,15,93,QUERY,company,'SHOW TABLE STATUS FROM `crsample`',0
20230212 06:46:51,ANOOBIS,root,localhost,15,94,READ,mysql,proc,
20230212 06:46:51,ANOOBIS,root,localhost,15,94,QUERY,company,'SHOW FUNCTION STATUS WHERE `Db`=\'crsample\'',0
20230212 06:46:51,ANOOBIS,root,localhost,15,95,READ,mysql,proc,
20230212 06:46:51,ANOOBIS,root,localhost,15,95,QUERY,company,'SHOW PROCEDURE STATUS WHERE `Db`=\'crsample\'',0
20230212 06:46:51,ANOOBIS,root,localhost,15,96,QUERY,company,'SHOW TRIGGERS FROM `crsample`',0
20230212 06:46:51,ANOOBIS,root,localhost,15,97,READ,mysql,event,
20230212 06:46:51,ANOOBIS,root,localhost,15,97,QUERY,company,'SELECT *, EVENT_SCHEMA AS `Db`, EVENT_NAME AS `Name` FROM information_schema.`EVENTS` WHERE `EVENT_SCHEMA`=\'crsample\'',0
20230212 06:46:52,ANOOBIS,root,localhost,15,98,QUERY,datarahasia,'USE `datarahasia`',0
20230212 06:46:52,ANOOBIS,root,localhost,15,99,QUERY,datarahasia,'SELECT `DEFAULT_COLLATION_NAME` FROM `information_schema`.`SCHEMATA` WHERE `SCHEMA_NAME`=\'datarahasia\'',0
20230212 06:46:52,ANOOBIS,root,localhost,15,100,QUERY,datarahasia,'SHOW TABLE STATUS FROM `datarahasia`',0
20230212 06:46:52,ANOOBIS,root,localhost,15,101,READ,mysql,proc,
20230212 06:46:52,ANOOBIS,root,localhost,15,101,QUERY,datarahasia,'SHOW FUNCTION STATUS WHERE `Db`=\'datarahasia\'',0
20230212 06:46:52,ANOOBIS,root,localhost,15,102,READ,mysql,proc,
20230212 06:46:52,ANOOBIS,root,localhost,15,102,QUERY,datarahasia,'SHOW PROCEDURE STATUS WHERE `Db`=\'datarahasia\'',0
20230212 06:46:52,ANOOBIS,root,localhost,15,103,QUERY,datarahasia,'SHOW TRIGGERS FROM `datarahasia`',0
20230212 06:46:52,ANOOBIS,root,localhost,15,104,READ,mysql,event,
20230212 06:46:52,ANOOBIS,root,localhost,15,104,QUERY,datarahasia,'SELECT *, EVENT_SCHEMA AS `Db`, EVENT_NAME AS `Name` FROM information_schema.`EVENTS` WHERE `EVENT_SCHEMA`=\'datarahasia\'',0
20230212 06:46:54,ANOOBIS,root,localhost,15,105,QUERY,datarahasia,'SELECT * FROM `information_schema`.`COLUMNS` WHERE TABLE_SCHEMA=\'datarahasia\' AND TABLE_NAME=\'pasien\' ORDER BY ORDINAL_POSITION',0
20230212 06:46:54,ANOOBIS,root,localhost,15,106,READ,mysql,table_stats,
20230212 06:46:54,ANOOBIS,root,localhost,15,106,READ,mysql,column_stats,
20230212 06:46:54,ANOOBIS,root,localhost,15,106,READ,mysql,index_stats,
20230212 06:46:54,ANOOBIS,root,localhost,15,106,QUERY,datarahasia,'SHOW INDEXES FROM `pasien` FROM `datarahasia`',0
20230212 06:46:54,ANOOBIS,root,localhost,15,107,QUERY,datarahasia,'SELECT * FROM information_schema.REFERENTIAL_CONSTRAINTS WHERE   CONSTRAINT_SCHEMA=\'datarahasia\'   AND TABLE_NAME=\'pasien\'   AND REFERENCED_TABLE_NAME IS NOT NULL',0
20230212 06:46:54,ANOOBIS,root,localhost,15,108,QUERY,datarahasia,'SELECT * FROM information_schema.KEY_COLUMN_USAGE WHERE   TABLE_SCHEMA=\'datarahasia\'   AND TABLE_NAME=\'pasien\'   AND REFERENCED_TABLE_NAME IS NOT NULL',0
20230212 06:46:54,ANOOBIS,root,localhost,15,109,QUERY,datarahasia,'SHOW CREATE TABLE `datarahasia`.`pasien`',0
20230212 06:46:54,ANOOBIS,root,localhost,15,110,QUERY,datarahasia,'SELECT CONSTRAINT_NAME, CHECK_CLAUSE FROM `information_schema`.`CHECK_CONSTRAINTS` WHERE CONSTRAINT_SCHEMA=\'datarahasia\' AND TABLE_NAME=\'pasien\'',0
20230212 06:46:55,ANOOBIS,root,localhost,15,111,READ,datarahasia,pasien,
20230212 06:46:55,ANOOBIS,root,localhost,15,111,QUERY,datarahasia,'SELECT  `id_pasien`,  `nama_pasien`, LEFT(`nomor_cc`, 256) FROM `datarahasia`.`pasien` LIMIT 1000',0
20230212 06:59:23,ANOOBIS,root,localhost,15,112,QUERY,datarahasia,'SHOW VARIABLES',0
20230212 06:59:27,ANOOBIS,root,localhost,15,113,QUERY,datarahasia,'CREATE DATABASE `uasdbs` /*!40100 COLLATE \'utf8mb4_general_ci\' */',0
20230212 06:59:27,ANOOBIS,root,localhost,15,114,QUERY,datarahasia,'SHOW DATABASES',0
20230212 06:59:29,ANOOBIS,root,localhost,15,115,QUERY,uasdbs,'USE `uasdbs`',0
20230212 06:59:30,ANOOBIS,root,localhost,15,116,QUERY,uasdbs,'SELECT `DEFAULT_COLLATION_NAME` FROM `information_schema`.`SCHEMATA` WHERE `SCHEMA_NAME`=\'uasdbs\'',0
20230212 06:59:30,ANOOBIS,root,localhost,15,117,QUERY,uasdbs,'SHOW TABLE STATUS FROM `uasdbs`',0
20230212 06:59:30,ANOOBIS,root,localhost,15,118,READ,mysql,proc,
20230212 06:59:30,ANOOBIS,root,localhost,15,118,QUERY,uasdbs,'SHOW FUNCTION STATUS WHERE `Db`=\'uasdbs\'',0
20230212 06:59:30,ANOOBIS,root,localhost,15,119,READ,mysql,proc,
20230212 06:59:30,ANOOBIS,root,localhost,15,119,QUERY,uasdbs,'SHOW PROCEDURE STATUS WHERE `Db`=\'uasdbs\'',0
20230212 06:59:30,ANOOBIS,root,localhost,15,120,QUERY,uasdbs,'SHOW TRIGGERS FROM `uasdbs`',0
20230212 06:59:30,ANOOBIS,root,localhost,15,121,READ,mysql,event,
20230212 06:59:30,ANOOBIS,root,localhost,15,121,QUERY,uasdbs,'SELECT *, EVENT_SCHEMA AS `Db`, EVENT_NAME AS `Name` FROM information_schema.`EVENTS` WHERE `EVENT_SCHEMA`=\'uasdbs\'',0
20230212 06:59:42,ANOOBIS,root,localhost,15,122,QUERY,uasdbs,'SHOW VARIABLES',0
20230212 07:00:32,ANOOBIS,root,localhost,15,123,CREATE,uasdbs,roomtype,
20230212 07:00:32,ANOOBIS,root,localhost,15,123,QUERY,uasdbs,'CREATE TABLE `roomtype` (\r\n\t`id_roomtype` INT NOT NULL AUTO_INCREMENT,\r\n\t`nm_roomtype` VARCHAR(50) NULL DEFAULT NULL,\r\n\tPRIMARY KEY (`id_roomtype`)\r\n)\r\nCOLLATE=\'utf8mb4_general_ci\'',0
20230212 07:00:32,ANOOBIS,root,localhost,15,124,QUERY,uasdbs,'SELECT `DEFAULT_COLLATION_NAME` FROM `information_schema`.`SCHEMATA` WHERE `SCHEMA_NAME`=\'uasdbs\'',0
20230212 07:00:32,ANOOBIS,root,localhost,15,125,QUERY,uasdbs,'SHOW TABLE STATUS FROM `uasdbs`',0
20230212 07:00:32,ANOOBIS,root,localhost,15,126,READ,mysql,proc,
20230212 07:00:32,ANOOBIS,root,localhost,15,126,QUERY,uasdbs,'SHOW FUNCTION STATUS WHERE `Db`=\'uasdbs\'',0
20230212 07:00:32,ANOOBIS,root,localhost,15,127,READ,mysql,proc,
20230212 07:00:32,ANOOBIS,root,localhost,15,127,QUERY,uasdbs,'SHOW PROCEDURE STATUS WHERE `Db`=\'uasdbs\'',0
20230212 07:00:32,ANOOBIS,root,localhost,15,128,QUERY,uasdbs,'SHOW TRIGGERS FROM `uasdbs`',0
20230212 07:00:32,ANOOBIS,root,localhost,15,129,READ,mysql,event,
20230212 07:00:32,ANOOBIS,root,localhost,15,129,QUERY,uasdbs,'SELECT *, EVENT_SCHEMA AS `Db`, EVENT_NAME AS `Name` FROM information_schema.`EVENTS` WHERE `EVENT_SCHEMA`=\'uasdbs\'',0
20230212 07:00:32,ANOOBIS,root,localhost,15,130,QUERY,uasdbs,'SELECT * FROM `information_schema`.`COLUMNS` WHERE TABLE_SCHEMA=\'uasdbs\' AND TABLE_NAME=\'roomtype\' ORDER BY ORDINAL_POSITION',0
20230212 07:00:32,ANOOBIS,root,localhost,15,131,READ,mysql,table_stats,
20230212 07:00:32,ANOOBIS,root,localhost,15,131,READ,mysql,column_stats,
20230212 07:00:32,ANOOBIS,root,localhost,15,131,READ,mysql,index_stats,
20230212 07:00:32,ANOOBIS,root,localhost,15,131,QUERY,uasdbs,'SHOW INDEXES FROM `roomtype` FROM `uasdbs`',0
20230212 07:00:32,ANOOBIS,root,localhost,15,132,QUERY,uasdbs,'SELECT * FROM information_schema.REFERENTIAL_CONSTRAINTS WHERE   CONSTRAINT_SCHEMA=\'uasdbs\'   AND TABLE_NAME=\'roomtype\'   AND REFERENCED_TABLE_NAME IS NOT NULL',0
20230212 07:00:32,ANOOBIS,root,localhost,15,133,QUERY,uasdbs,'SELECT * FROM information_schema.KEY_COLUMN_USAGE WHERE   TABLE_SCHEMA=\'uasdbs\'   AND TABLE_NAME=\'roomtype\'   AND REFERENCED_TABLE_NAME IS NOT NULL',0
20230212 07:00:32,ANOOBIS,root,localhost,15,134,QUERY,uasdbs,'SHOW CREATE TABLE `uasdbs`.`roomtype`',0
20230212 07:00:32,ANOOBIS,root,localhost,15,135,QUERY,uasdbs,'SELECT CONSTRAINT_NAME, CHECK_CLAUSE FROM `information_schema`.`CHECK_CONSTRAINTS` WHERE CONSTRAINT_SCHEMA=\'uasdbs\' AND TABLE_NAME=\'roomtype\'',0
20230212 07:00:39,ANOOBIS,root,localhost,15,136,READ,uasdbs,roomtype,
20230212 07:00:39,ANOOBIS,root,localhost,15,136,QUERY,uasdbs,'SELECT * FROM `uasdbs`.`roomtype` LIMIT 1000',0
20230212 07:00:57,ANOOBIS,root,localhost,15,137,WRITE,uasdbs,roomtype,
20230212 07:00:57,ANOOBIS,root,localhost,15,137,QUERY,uasdbs,'INSERT INTO `uasdbs`.`roomtype` (`id_roomtype`, `nm_roomtype`) VALUES (\'1\', \'Standard Room\')',0
20230212 07:00:57,ANOOBIS,root,localhost,15,138,READ,uasdbs,roomtype,
20230212 07:00:57,ANOOBIS,root,localhost,15,138,QUERY,uasdbs,'SELECT `id_roomtype`, `nm_roomtype` FROM `uasdbs`.`roomtype` WHERE  `id_roomtype`=1',0
20230212 07:01:06,ANOOBIS,root,localhost,15,139,WRITE,uasdbs,roomtype,
20230212 07:01:06,ANOOBIS,root,localhost,15,139,QUERY,uasdbs,'INSERT INTO `uasdbs`.`roomtype` (`nm_roomtype`) VALUES (\'Superior Room\')',0
20230212 07:01:06,ANOOBIS,root,localhost,15,140,QUERY,uasdbs,'SELECT LAST_INSERT_ID()',0
20230212 07:01:06,ANOOBIS,root,localhost,15,141,READ,uasdbs,roomtype,
20230212 07:01:06,ANOOBIS,root,localhost,15,141,QUERY,uasdbs,'SELECT `id_roomtype`, `nm_roomtype` FROM `uasdbs`.`roomtype` WHERE  `id_roomtype`=2',0
20230212 07:01:17,ANOOBIS,root,localhost,15,142,WRITE,uasdbs,roomtype,
20230212 07:01:17,ANOOBIS,root,localhost,15,142,QUERY,uasdbs,'INSERT INTO `uasdbs`.`roomtype` (`nm_roomtype`) VALUES (\'Deluxe Room\')',0
20230212 07:01:17,ANOOBIS,root,localhost,15,143,QUERY,uasdbs,'SELECT LAST_INSERT_ID()',0
20230212 07:01:17,ANOOBIS,root,localhost,15,144,READ,uasdbs,roomtype,
20230212 07:01:17,ANOOBIS,root,localhost,15,144,QUERY,uasdbs,'SELECT `id_roomtype`, `nm_roomtype` FROM `uasdbs`.`roomtype` WHERE  `id_roomtype`=3',0
20230212 07:01:28,ANOOBIS,root,localhost,15,145,WRITE,uasdbs,roomtype,
20230212 07:01:28,ANOOBIS,root,localhost,15,145,QUERY,uasdbs,'INSERT INTO `uasdbs`.`roomtype` (`nm_roomtype`) VALUES (\'Junior Suite Room\')',0
20230212 07:01:28,ANOOBIS,root,localhost,15,146,QUERY,uasdbs,'SELECT LAST_INSERT_ID()',0
20230212 07:01:28,ANOOBIS,root,localhost,15,147,READ,uasdbs,roomtype,
20230212 07:01:28,ANOOBIS,root,localhost,15,147,QUERY,uasdbs,'SELECT `id_roomtype`, `nm_roomtype` FROM `uasdbs`.`roomtype` WHERE  `id_roomtype`=4',0
20230212 07:01:38,ANOOBIS,root,localhost,15,148,WRITE,uasdbs,roomtype,
20230212 07:01:38,ANOOBIS,root,localhost,15,148,QUERY,uasdbs,'INSERT INTO `uasdbs`.`roomtype` (`nm_roomtype`) VALUES (\'Presidential Room\')',0
20230212 07:01:38,ANOOBIS,root,localhost,15,149,QUERY,uasdbs,'SELECT LAST_INSERT_ID()',0
20230212 07:01:38,ANOOBIS,root,localhost,15,150,READ,uasdbs,roomtype,
20230212 07:01:38,ANOOBIS,root,localhost,15,150,QUERY,uasdbs,'SELECT `id_roomtype`, `nm_roomtype` FROM `uasdbs`.`roomtype` WHERE  `id_roomtype`=5',0
20230212 07:02:43,ANOOBIS,root,localhost,15,151,QUERY,uasdbs,'CREATE TABLE `idcardtype` (\r\n\t`id_idcardtype` INT NULL AUTO_INCREMENT,\r\n\t`nm_idcardtype` VARCHAR(50) NULL DEFAULT NULL\r\n)\r\nCOLLATE=\'utf8mb4_general_ci\'',1075
20230212 07:02:49,ANOOBIS,root,localhost,15,152,CREATE,uasdbs,idcardtype,
20230212 07:02:49,ANOOBIS,root,localhost,15,152,QUERY,uasdbs,'CREATE TABLE `idcardtype` (\r\n\t`id_idcardtype` INT NOT NULL AUTO_INCREMENT,\r\n\t`nm_idcardtype` VARCHAR(50) NULL DEFAULT NULL,\r\n\tPRIMARY KEY (`id_idcardtype`)\r\n)\r\nCOLLATE=\'utf8mb4_general_ci\'',0
20230212 07:02:49,ANOOBIS,root,localhost,15,153,QUERY,uasdbs,'SELECT `DEFAULT_COLLATION_NAME` FROM `information_schema`.`SCHEMATA` WHERE `SCHEMA_NAME`=\'uasdbs\'',0
20230212 07:02:49,ANOOBIS,root,localhost,15,154,QUERY,uasdbs,'SHOW TABLE STATUS FROM `uasdbs`',0
20230212 07:02:49,ANOOBIS,root,localhost,15,155,READ,mysql,proc,
20230212 07:02:49,ANOOBIS,root,localhost,15,155,QUERY,uasdbs,'SHOW FUNCTION STATUS WHERE `Db`=\'uasdbs\'',0
20230212 07:02:49,ANOOBIS,root,localhost,15,156,READ,mysql,proc,
20230212 07:02:49,ANOOBIS,root,localhost,15,156,QUERY,uasdbs,'SHOW PROCEDURE STATUS WHERE `Db`=\'uasdbs\'',0
20230212 07:02:49,ANOOBIS,root,localhost,15,157,QUERY,uasdbs,'SHOW TRIGGERS FROM `uasdbs`',0
20230212 07:02:49,ANOOBIS,root,localhost,15,158,READ,mysql,event,
20230212 07:02:49,ANOOBIS,root,localhost,15,158,QUERY,uasdbs,'SELECT *, EVENT_SCHEMA AS `Db`, EVENT_NAME AS `Name` FROM information_schema.`EVENTS` WHERE `EVENT_SCHEMA`=\'uasdbs\'',0
20230212 07:02:49,ANOOBIS,root,localhost,15,159,QUERY,uasdbs,'SELECT * FROM `information_schema`.`COLUMNS` WHERE TABLE_SCHEMA=\'uasdbs\' AND TABLE_NAME=\'idcardtype\' ORDER BY ORDINAL_POSITION',0
20230212 07:02:49,ANOOBIS,root,localhost,15,160,READ,mysql,table_stats,
20230212 07:02:49,ANOOBIS,root,localhost,15,160,READ,mysql,column_stats,
20230212 07:02:49,ANOOBIS,root,localhost,15,160,READ,mysql,index_stats,
20230212 07:02:49,ANOOBIS,root,localhost,15,160,QUERY,uasdbs,'SHOW INDEXES FROM `idcardtype` FROM `uasdbs`',0
20230212 07:02:49,ANOOBIS,root,localhost,15,161,QUERY,uasdbs,'SELECT * FROM information_schema.REFERENTIAL_CONSTRAINTS WHERE   CONSTRAINT_SCHEMA=\'uasdbs\'   AND TABLE_NAME=\'idcardtype\'   AND REFERENCED_TABLE_NAME IS NOT NULL',0
20230212 07:02:49,ANOOBIS,root,localhost,15,162,QUERY,uasdbs,'SELECT * FROM information_schema.KEY_COLUMN_USAGE WHERE   TABLE_SCHEMA=\'uasdbs\'   AND TABLE_NAME=\'idcardtype\'   AND REFERENCED_TABLE_NAME IS NOT NULL',0
20230212 07:02:49,ANOOBIS,root,localhost,15,163,QUERY,uasdbs,'SHOW CREATE TABLE `uasdbs`.`idcardtype`',0
20230212 07:02:49,ANOOBIS,root,localhost,15,164,QUERY,uasdbs,'SELECT CONSTRAINT_NAME, CHECK_CLAUSE FROM `information_schema`.`CHECK_CONSTRAINTS` WHERE CONSTRAINT_SCHEMA=\'uasdbs\' AND TABLE_NAME=\'idcardtype\'',0
20230212 07:02:51,ANOOBIS,root,localhost,15,165,READ,uasdbs,idcardtype,
20230212 07:02:51,ANOOBIS,root,localhost,15,165,QUERY,uasdbs,'SELECT * FROM `uasdbs`.`idcardtype` LIMIT 1000',0
20230212 07:02:57,ANOOBIS,root,localhost,15,166,WRITE,uasdbs,idcardtype,
20230212 07:02:57,ANOOBIS,root,localhost,15,166,QUERY,uasdbs,'INSERT INTO `uasdbs`.`idcardtype` (`nm_idcardtype`) VALUES (\'KTP\')',0
20230212 07:02:57,ANOOBIS,root,localhost,15,167,QUERY,uasdbs,'SELECT LAST_INSERT_ID()',0
20230212 07:02:57,ANOOBIS,root,localhost,15,168,READ,uasdbs,idcardtype,
20230212 07:02:57,ANOOBIS,root,localhost,15,168,QUERY,uasdbs,'SELECT `id_idcardtype`, `nm_idcardtype` FROM `uasdbs`.`idcardtype` WHERE  `id_idcardtype`=1',0
20230212 07:03:04,ANOOBIS,root,localhost,15,169,WRITE,uasdbs,idcardtype,
20230212 07:03:04,ANOOBIS,root,localhost,15,169,QUERY,uasdbs,'INSERT INTO `uasdbs`.`idcardtype` (`nm_idcardtype`) VALUES (\'SIM\')',0
20230212 07:03:04,ANOOBIS,root,localhost,15,170,QUERY,uasdbs,'SELECT LAST_INSERT_ID()',0
20230212 07:03:04,ANOOBIS,root,localhost,15,171,READ,uasdbs,idcardtype,
20230212 07:03:04,ANOOBIS,root,localhost,15,171,QUERY,uasdbs,'SELECT `id_idcardtype`, `nm_idcardtype` FROM `uasdbs`.`idcardtype` WHERE  `id_idcardtype`=2',0
20230212 07:03:25,ANOOBIS,root,localhost,15,172,WRITE,uasdbs,idcardtype,
20230212 07:03:25,ANOOBIS,root,localhost,15,172,QUERY,uasdbs,'INSERT INTO `uasdbs`.`idcardtype` (`nm_idcardtype`) VALUES (\'PASPOR\')',0
20230212 07:03:25,ANOOBIS,root,localhost,15,173,QUERY,uasdbs,'SELECT LAST_INSERT_ID()',0
20230212 07:03:25,ANOOBIS,root,localhost,15,174,READ,uasdbs,idcardtype,
20230212 07:03:25,ANOOBIS,root,localhost,15,174,QUERY,uasdbs,'SELECT `id_idcardtype`, `nm_idcardtype` FROM `uasdbs`.`idcardtype` WHERE  `id_idcardtype`=3',0
20230212 07:04:39,ANOOBIS,ana,localhost,17,0,FAILED_CONNECT,,,1045
20230212 07:04:39,ANOOBIS,ana,localhost,17,0,DISCONNECT,,,0
20230212 07:04:51,ANOOBIS,ana,localhost,18,0,FAILED_CONNECT,,,1045
20230212 07:04:51,ANOOBIS,ana,localhost,18,0,DISCONNECT,,,0
20230212 07:04:56,ANOOBIS,ana,localhost,19,0,FAILED_CONNECT,,,1045
20230212 07:04:56,ANOOBIS,ana,localhost,19,0,DISCONNECT,,,0
20230212 07:12:47,ANOOBIS,adi,localhost,22,0,CONNECT,,,0
20230212 07:12:47,ANOOBIS,adi,localhost,22,199,QUERY,,'SELECT CONNECTION_ID()',0
20230212 07:12:47,ANOOBIS,adi,localhost,22,200,QUERY,,'SHOW VARIABLES',0
20230212 07:12:47,ANOOBIS,adi,localhost,22,201,QUERY,,'SHOW /*!50002 GLOBAL */ STATUS',0
20230212 07:12:47,ANOOBIS,adi,localhost,22,202,QUERY,,'SELECT NOW()',0
20230212 07:12:47,ANOOBIS,adi,localhost,22,203,QUERY,,'SHOW TABLES FROM `information_schema`',0
20230212 07:12:47,ANOOBIS,adi,localhost,22,204,QUERY,,'SHOW DATABASES',0
20230212 07:12:47,ANOOBIS,adi,localhost,22,205,QUERY,,'SHOW OPEN TABLES FROM uasdbs WHERE `in_use`!=0',0
20230212 07:12:47,ANOOBIS,adi,localhost,22,206,QUERY,uasdbs,'USE `uasdbs`',0
20230212 07:12:47,ANOOBIS,adi,localhost,22,207,QUERY,uasdbs,'SELECT `DEFAULT_COLLATION_NAME` FROM `information_schema`.`SCHEMATA` WHERE `SCHEMA_NAME`=\'uasdbs\'',0
20230212 07:12:47,ANOOBIS,adi,localhost,22,208,QUERY,uasdbs,'SHOW TABLE STATUS FROM `uasdbs`',0
20230212 07:12:47,ANOOBIS,adi,localhost,22,209,READ,mysql,proc,
20230212 07:12:47,ANOOBIS,adi,localhost,22,209,QUERY,uasdbs,'SHOW FUNCTION STATUS WHERE `Db`=\'uasdbs\'',0
20230212 07:12:47,ANOOBIS,adi,localhost,22,210,READ,mysql,proc,
20230212 07:12:47,ANOOBIS,adi,localhost,22,210,QUERY,uasdbs,'SHOW PROCEDURE STATUS WHERE `Db`=\'uasdbs\'',0
20230212 07:12:47,ANOOBIS,adi,localhost,22,211,QUERY,uasdbs,'SHOW TRIGGERS FROM `uasdbs`',0
20230212 07:12:47,ANOOBIS,adi,localhost,22,212,READ,mysql,event,
20230212 07:12:47,ANOOBIS,adi,localhost,22,212,QUERY,uasdbs,'SELECT *, EVENT_SCHEMA AS `Db`, EVENT_NAME AS `Name` FROM information_schema.`EVENTS` WHERE `EVENT_SCHEMA`=\'uasdbs\'',0
20230212 07:14:28,ANOOBIS,root,localhost,15,213,CREATE,uasdbs,customer,
20230212 07:14:28,ANOOBIS,root,localhost,15,213,QUERY,uasdbs,'CREATE TABLE `customer` (\r\n\t`id_customer` INT NOT NULL AUTO_INCREMENT,\r\n\t`nm_customer` VARCHAR(50) NOT NULL,\r\n\t`addr_customer` VARCHAR(50) NOT NULL,\r\n\t`id_roomtype` INT NOT NULL,\r\n\t`id_idcard` INT NOT NULL,\r\n\t`idcard_number` VARCHAR(50) NOT NULL,\r\n\tPRIMARY KEY (`id_customer`)\r\n)\r\nCOLLATE=\'utf8mb4_general_ci\'',0
20230212 07:14:28,ANOOBIS,root,localhost,15,214,QUERY,uasdbs,'SELECT `DEFAULT_COLLATION_NAME` FROM `information_schema`.`SCHEMATA` WHERE `SCHEMA_NAME`=\'uasdbs\'',0
20230212 07:14:28,ANOOBIS,root,localhost,15,215,QUERY,uasdbs,'SHOW TABLE STATUS FROM `uasdbs`',0
20230212 07:14:28,ANOOBIS,root,localhost,15,216,READ,mysql,proc,
20230212 07:14:28,ANOOBIS,root,localhost,15,216,QUERY,uasdbs,'SHOW FUNCTION STATUS WHERE `Db`=\'uasdbs\'',0
20230212 07:14:29,ANOOBIS,root,localhost,15,217,READ,mysql,proc,
20230212 07:14:29,ANOOBIS,root,localhost,15,217,QUERY,uasdbs,'SHOW PROCEDURE STATUS WHERE `Db`=\'uasdbs\'',0
20230212 07:14:29,ANOOBIS,root,localhost,15,218,QUERY,uasdbs,'SHOW TRIGGERS FROM `uasdbs`',0
20230212 07:14:29,ANOOBIS,root,localhost,15,219,READ,mysql,event,
20230212 07:14:29,ANOOBIS,root,localhost,15,219,QUERY,uasdbs,'SELECT *, EVENT_SCHEMA AS `Db`, EVENT_NAME AS `Name` FROM information_schema.`EVENTS` WHERE `EVENT_SCHEMA`=\'uasdbs\'',0
20230212 07:14:29,ANOOBIS,root,localhost,15,220,QUERY,uasdbs,'SELECT * FROM `information_schema`.`COLUMNS` WHERE TABLE_SCHEMA=\'uasdbs\' AND TABLE_NAME=\'customer\' ORDER BY ORDINAL_POSITION',0
20230212 07:14:29,ANOOBIS,root,localhost,15,221,READ,mysql,table_stats,
20230212 07:14:29,ANOOBIS,root,localhost,15,221,READ,mysql,column_stats,
20230212 07:14:29,ANOOBIS,root,localhost,15,221,READ,mysql,index_stats,
20230212 07:14:29,ANOOBIS,root,localhost,15,221,QUERY,uasdbs,'SHOW INDEXES FROM `customer` FROM `uasdbs`',0
20230212 07:14:29,ANOOBIS,root,localhost,15,222,QUERY,uasdbs,'SELECT * FROM information_schema.REFERENTIAL_CONSTRAINTS WHERE   CONSTRAINT_SCHEMA=\'uasdbs\'   AND TABLE_NAME=\'customer\'   AND REFERENCED_TABLE_NAME IS NOT NULL',0
20230212 07:14:29,ANOOBIS,root,localhost,15,223,QUERY,uasdbs,'SELECT * FROM information_schema.KEY_COLUMN_USAGE WHERE   TABLE_SCHEMA=\'uasdbs\'   AND TABLE_NAME=\'customer\'   AND REFERENCED_TABLE_NAME IS NOT NULL',0
20230212 07:14:29,ANOOBIS,root,localhost,15,224,QUERY,uasdbs,'SHOW CREATE TABLE `uasdbs`.`customer`',0
20230212 07:14:29,ANOOBIS,root,localhost,15,225,QUERY,uasdbs,'SELECT CONSTRAINT_NAME, CHECK_CLAUSE FROM `information_schema`.`CHECK_CONSTRAINTS` WHERE CONSTRAINT_SCHEMA=\'uasdbs\' AND TABLE_NAME=\'customer\'',0
20230212 07:14:35,ANOOBIS,adi,localhost,22,226,QUERY,uasdbs,'SHOW DATABASES',0
20230212 07:14:35,ANOOBIS,adi,localhost,22,227,QUERY,uasdbs,'SELECT `DEFAULT_COLLATION_NAME` FROM `information_schema`.`SCHEMATA` WHERE `SCHEMA_NAME`=\'uasdbs\'',0
20230212 07:14:35,ANOOBIS,adi,localhost,22,228,QUERY,uasdbs,'SHOW TABLE STATUS FROM `uasdbs`',0
20230212 07:14:35,ANOOBIS,adi,localhost,22,229,READ,mysql,proc,
20230212 07:14:35,ANOOBIS,adi,localhost,22,229,QUERY,uasdbs,'SHOW FUNCTION STATUS WHERE `Db`=\'uasdbs\'',0
20230212 07:14:35,ANOOBIS,adi,localhost,22,230,READ,mysql,proc,
20230212 07:14:35,ANOOBIS,adi,localhost,22,230,QUERY,uasdbs,'SHOW PROCEDURE STATUS WHERE `Db`=\'uasdbs\'',0
20230212 07:14:35,ANOOBIS,adi,localhost,22,231,QUERY,uasdbs,'SHOW TRIGGERS FROM `uasdbs`',0
20230212 07:14:35,ANOOBIS,adi,localhost,22,232,READ,mysql,event,
20230212 07:14:35,ANOOBIS,adi,localhost,22,232,QUERY,uasdbs,'SELECT *, EVENT_SCHEMA AS `Db`, EVENT_NAME AS `Name` FROM information_schema.`EVENTS` WHERE `EVENT_SCHEMA`=\'uasdbs\'',0
20230212 07:14:37,ANOOBIS,adi,localhost,22,233,QUERY,uasdbs,'SELECT * FROM `information_schema`.`COLUMNS` WHERE TABLE_SCHEMA=\'uasdbs\' AND TABLE_NAME=\'customer\' ORDER BY ORDINAL_POSITION',0
20230212 07:14:37,ANOOBIS,adi,localhost,22,234,QUERY,uasdbs,'SHOW INDEXES FROM `customer` FROM `uasdbs`',0
20230212 07:14:37,ANOOBIS,adi,localhost,22,235,QUERY,uasdbs,'SELECT * FROM information_schema.REFERENTIAL_CONSTRAINTS WHERE   CONSTRAINT_SCHEMA=\'uasdbs\'   AND TABLE_NAME=\'customer\'   AND REFERENCED_TABLE_NAME IS NOT NULL',0
20230212 07:14:37,ANOOBIS,adi,localhost,22,236,QUERY,uasdbs,'SELECT * FROM information_schema.KEY_COLUMN_USAGE WHERE   TABLE_SCHEMA=\'uasdbs\'   AND TABLE_NAME=\'customer\'   AND REFERENCED_TABLE_NAME IS NOT NULL',0
20230212 07:14:38,ANOOBIS,adi,localhost,22,237,QUERY,uasdbs,'SHOW ENGINES',0
20230212 07:14:38,ANOOBIS,adi,localhost,22,238,QUERY,uasdbs,'SHOW COLLATION',0
20230212 07:14:38,ANOOBIS,adi,localhost,22,239,QUERY,uasdbs,'SHOW CREATE TABLE `uasdbs`.`customer`',0
20230212 07:14:38,ANOOBIS,adi,localhost,22,240,QUERY,uasdbs,'SELECT CONSTRAINT_NAME, CHECK_CLAUSE FROM `information_schema`.`CHECK_CONSTRAINTS` WHERE CONSTRAINT_SCHEMA=\'uasdbs\' AND TABLE_NAME=\'customer\'',0
20230212 07:14:39,ANOOBIS,adi,localhost,22,241,READ,uasdbs,customer,
20230212 07:14:39,ANOOBIS,adi,localhost,22,241,QUERY,uasdbs,'SELECT * FROM `uasdbs`.`customer` LIMIT 1000',0
20230212 07:15:04,ANOOBIS,adi,localhost,22,242,WRITE,uasdbs,customer,
20230212 07:15:04,ANOOBIS,adi,localhost,22,242,QUERY,uasdbs,'INSERT INTO `uasdbs`.`customer` (`nm_customer`) VALUES (\'SInggih Angkoro\')',0
20230212 07:15:04,ANOOBIS,adi,localhost,22,243,QUERY,uasdbs,'SELECT LAST_INSERT_ID()',0
20230212 07:15:04,ANOOBIS,adi,localhost,22,244,READ,uasdbs,customer,
20230212 07:15:04,ANOOBIS,adi,localhost,22,244,QUERY,uasdbs,'SELECT `id_customer`, `nm_customer`, `addr_customer`, `id_roomtype`, `id_idcard`, `idcard_number` FROM `uasdbs`.`customer` WHERE  `id_customer`=1',0
20230212 07:15:22,ANOOBIS,adi,localhost,22,245,WRITE,uasdbs,customer,
20230212 07:15:22,ANOOBIS,adi,localhost,22,245,QUERY,uasdbs,'UPDATE `uasdbs`.`customer` SET `addr_customer`=\'Jakarta\', `id_roomtype`=\'2\', `id_idcard`=\'1\', `idcard_number`=\'33022100299938388\' WHERE  `id_customer`=1',0
20230212 07:15:22,ANOOBIS,adi,localhost,22,246,READ,uasdbs,customer,
20230212 07:15:22,ANOOBIS,adi,localhost,22,246,QUERY,uasdbs,'SELECT `id_customer`, `nm_customer`, `addr_customer`, `id_roomtype`, `id_idcard`, `idcard_number` FROM `uasdbs`.`customer` WHERE  `id_customer`=1',0
20230212 07:16:15,ANOOBIS,adi,localhost,22,247,WRITE,uasdbs,customer,
20230212 07:16:15,ANOOBIS,adi,localhost,22,247,QUERY,uasdbs,'UPDATE `uasdbs`.`customer` SET `idcard_number`=\'3326160608070197\' WHERE  `id_customer`=1',0
20230212 07:16:15,ANOOBIS,adi,localhost,22,248,READ,uasdbs,customer,
20230212 07:16:15,ANOOBIS,adi,localhost,22,248,QUERY,uasdbs,'SELECT `id_customer`, `nm_customer`, `addr_customer`, `id_roomtype`, `id_idcard`, `idcard_number` FROM `uasdbs`.`customer` WHERE  `id_customer`=1',0
20230212 07:16:22,ANOOBIS,adi,localhost,22,249,WRITE,uasdbs,customer,
20230212 07:16:22,ANOOBIS,adi,localhost,22,249,QUERY,uasdbs,'UPDATE `uasdbs`.`customer` SET `nm_customer`=\'Singgih Angkoro\' WHERE  `id_customer`=1',0
20230212 07:16:22,ANOOBIS,adi,localhost,22,250,READ,uasdbs,customer,
20230212 07:16:22,ANOOBIS,adi,localhost,22,250,QUERY,uasdbs,'SELECT `id_customer`, `nm_customer`, `addr_customer`, `id_roomtype`, `id_idcard`, `idcard_number` FROM `uasdbs`.`customer` WHERE  `id_customer`=1',0
20230212 07:17:00,ANOOBIS,adi,localhost,22,251,WRITE,uasdbs,customer,
20230212 07:17:00,ANOOBIS,adi,localhost,22,251,QUERY,uasdbs,'INSERT INTO `uasdbs`.`customer` (`nm_customer`, `addr_customer`, `id_roomtype`, `id_idcard`, `idcard_number`) VALUES (\'Brian Basudewa\', \'Semarang\', \'1\', \'1\', \'3326160902090003\')',0
20230212 07:17:00,ANOOBIS,adi,localhost,22,252,QUERY,uasdbs,'SELECT LAST_INSERT_ID()',0
20230212 07:17:00,ANOOBIS,adi,localhost,22,253,READ,uasdbs,customer,
20230212 07:17:00,ANOOBIS,adi,localhost,22,253,QUERY,uasdbs,'SELECT `id_customer`, `nm_customer`, `addr_customer`, `id_roomtype`, `id_idcard`, `idcard_number` FROM `uasdbs`.`customer` WHERE  `id_customer`=2',0
20230212 07:18:12,ANOOBIS,adi,localhost,22,254,WRITE,uasdbs,customer,
20230212 07:18:12,ANOOBIS,adi,localhost,22,254,QUERY,uasdbs,'INSERT INTO `uasdbs`.`customer` (`nm_customer`, `addr_customer`, `id_roomtype`, `id_idcard`, `idcard_number`) VALUES (\'Xanana Hakim\', \'Depok\', \'3\', \'1\', \'3326160902090003\')',0
20230212 07:18:12,ANOOBIS,adi,localhost,22,255,QUERY,uasdbs,'SELECT LAST_INSERT_ID()',0
20230212 07:18:12,ANOOBIS,adi,localhost,22,256,READ,uasdbs,customer,
20230212 07:18:12,ANOOBIS,adi,localhost,22,256,QUERY,uasdbs,'SELECT `id_customer`, `nm_customer`, `addr_customer`, `id_roomtype`, `id_idcard`, `idcard_number` FROM `uasdbs`.`customer` WHERE  `id_customer`=3',0
20230212 07:19:13,ANOOBIS,adi,localhost,22,257,WRITE,uasdbs,customer,
20230212 07:19:13,ANOOBIS,adi,localhost,22,257,QUERY,uasdbs,'INSERT INTO `uasdbs`.`customer` (`nm_customer`, `addr_customer`, `id_roomtype`, `id_idcard`, `idcard_number`) VALUES (\'Jaga Irawan\', \'Jakarta\', \'4\', \'1\', \'3326160902090003\')',0
20230212 07:19:13,ANOOBIS,adi,localhost,22,258,QUERY,uasdbs,'SELECT LAST_INSERT_ID()',0
20230212 07:19:13,ANOOBIS,adi,localhost,22,259,READ,uasdbs,customer,
20230212 07:19:13,ANOOBIS,adi,localhost,22,259,QUERY,uasdbs,'SELECT `id_customer`, `nm_customer`, `addr_customer`, `id_roomtype`, `id_idcard`, `idcard_number` FROM `uasdbs`.`customer` WHERE  `id_customer`=4',0
20230212 07:19:54,ANOOBIS,adi,localhost,22,260,WRITE,uasdbs,customer,
20230212 07:19:54,ANOOBIS,adi,localhost,22,260,QUERY,uasdbs,'INSERT INTO `uasdbs`.`customer` (`nm_customer`, `addr_customer`, `id_roomtype`, `id_idcard`) VALUES (\'Taufan Maryadi\', \'Bogor\', \'2\', \'1\')',0
20230212 07:19:54,ANOOBIS,adi,localhost,22,261,QUERY,uasdbs,'SELECT LAST_INSERT_ID()',0
20230212 07:19:54,ANOOBIS,adi,localhost,22,262,READ,uasdbs,customer,
20230212 07:19:54,ANOOBIS,adi,localhost,22,262,QUERY,uasdbs,'SELECT `id_customer`, `nm_customer`, `addr_customer`, `id_roomtype`, `id_idcard`, `idcard_number` FROM `uasdbs`.`customer` WHERE  `id_customer`=5',0
20230212 07:19:56,ANOOBIS,adi,localhost,22,263,WRITE,uasdbs,customer,
20230212 07:19:55,ANOOBIS,adi,localhost,22,263,QUERY,uasdbs,'UPDATE `uasdbs`.`customer` SET `idcard_number`=\'3326160911060005\' WHERE  `id_customer`=5',0
20230212 07:19:56,ANOOBIS,adi,localhost,22,264,READ,uasdbs,customer,
20230212 07:19:56,ANOOBIS,adi,localhost,22,264,QUERY,uasdbs,'SELECT `id_customer`, `nm_customer`, `addr_customer`, `id_roomtype`, `id_idcard`, `idcard_number` FROM `uasdbs`.`customer` WHERE  `id_customer`=5',0
20230212 07:21:07,ANOOBIS,adi,localhost,22,265,WRITE,uasdbs,customer,
20230212 07:21:07,ANOOBIS,adi,localhost,22,265,QUERY,uasdbs,'INSERT INTO `uasdbs`.`customer` (`nm_customer`, `addr_customer`, `id_roomtype`, `id_idcard`, `idcard_number`) VALUES (\'Tasnim Rajata\', \'Depok\', \'1\', \'1\', \'3326160105070023\')',0
20230212 07:21:07,ANOOBIS,adi,localhost,22,266,QUERY,uasdbs,'SELECT LAST_INSERT_ID()',0
20230212 07:21:07,ANOOBIS,adi,localhost,22,267,READ,uasdbs,customer,
20230212 07:21:07,ANOOBIS,adi,localhost,22,267,QUERY,uasdbs,'SELECT `id_customer`, `nm_customer`, `addr_customer`, `id_roomtype`, `id_idcard`, `idcard_number` FROM `uasdbs`.`customer` WHERE  `id_customer`=6',0
20230212 07:21:27,ANOOBIS,adi,localhost,22,268,WRITE,uasdbs,customer,
20230212 07:21:27,ANOOBIS,adi,localhost,22,268,QUERY,uasdbs,'UPDATE `uasdbs`.`customer` SET `idcard_number`=\'3326160107400474\' WHERE  `id_customer`=1',0
20230212 07:21:27,ANOOBIS,adi,localhost,22,269,READ,uasdbs,customer,
20230212 07:21:27,ANOOBIS,adi,localhost,22,269,QUERY,uasdbs,'SELECT `id_customer`, `nm_customer`, `addr_customer`, `id_roomtype`, `id_idcard`, `idcard_number` FROM `uasdbs`.`customer` WHERE  `id_customer`=1',0
20230212 07:21:30,ANOOBIS,adi,localhost,22,270,WRITE,uasdbs,customer,
20230212 07:21:30,ANOOBIS,adi,localhost,22,270,QUERY,uasdbs,'UPDATE `uasdbs`.`customer` SET `idcard_number`=\'3326166004030022\' WHERE  `id_customer`=2',0
20230212 07:21:30,ANOOBIS,adi,localhost,22,271,READ,uasdbs,customer,
20230212 07:21:30,ANOOBIS,adi,localhost,22,271,QUERY,uasdbs,'SELECT `id_customer`, `nm_customer`, `addr_customer`, `id_roomtype`, `id_idcard`, `idcard_number` FROM `uasdbs`.`customer` WHERE  `id_customer`=2',0
20230212 07:21:34,ANOOBIS,adi,localhost,22,272,WRITE,uasdbs,customer,
20230212 07:21:34,ANOOBIS,adi,localhost,22,272,QUERY,uasdbs,'UPDATE `uasdbs`.`customer` SET `idcard_number`=\'3326161606790002\' WHERE  `id_customer`=3',0
20230212 07:21:34,ANOOBIS,adi,localhost,22,273,READ,uasdbs,customer,
20230212 07:21:34,ANOOBIS,adi,localhost,22,273,QUERY,uasdbs,'SELECT `id_customer`, `nm_customer`, `addr_customer`, `id_roomtype`, `id_idcard`, `idcard_number` FROM `uasdbs`.`customer` WHERE  `id_customer`=3',0
20230212 07:21:36,ANOOBIS,adi,localhost,22,274,WRITE,uasdbs,customer,
20230212 07:21:36,ANOOBIS,adi,localhost,22,274,QUERY,uasdbs,'UPDATE `uasdbs`.`customer` SET `idcard_number`=\'3326164410800003\' WHERE  `id_customer`=4',0
20230212 07:21:36,ANOOBIS,adi,localhost,22,275,READ,uasdbs,customer,
20230212 07:21:36,ANOOBIS,adi,localhost,22,275,QUERY,uasdbs,'SELECT `id_customer`, `nm_customer`, `addr_customer`, `id_roomtype`, `id_idcard`, `idcard_number` FROM `uasdbs`.`customer` WHERE  `id_customer`=4',0
20230212 07:21:40,ANOOBIS,adi,localhost,22,276,WRITE,uasdbs,customer,
20230212 07:21:40,ANOOBIS,adi,localhost,22,276,QUERY,uasdbs,'UPDATE `uasdbs`.`customer` SET `idcard_number`=\'3326167001090001\' WHERE  `id_customer`=5',0
20230212 07:21:40,ANOOBIS,adi,localhost,22,277,READ,uasdbs,customer,
20230212 07:21:40,ANOOBIS,adi,localhost,22,277,QUERY,uasdbs,'SELECT `id_customer`, `nm_customer`, `addr_customer`, `id_roomtype`, `id_idcard`, `idcard_number` FROM `uasdbs`.`customer` WHERE  `id_customer`=5',0
20230212 07:21:41,ANOOBIS,adi,localhost,22,278,WRITE,uasdbs,customer,
20230212 07:21:41,ANOOBIS,adi,localhost,22,278,QUERY,uasdbs,'UPDATE `uasdbs`.`customer` SET `idcard_number`=\'3326165907820002\' WHERE  `id_customer`=6',0
20230212 07:21:41,ANOOBIS,adi,localhost,22,279,READ,uasdbs,customer,
20230212 07:21:41,ANOOBIS,adi,localhost,22,279,QUERY,uasdbs,'SELECT `id_customer`, `nm_customer`, `addr_customer`, `id_roomtype`, `id_idcard`, `idcard_number` FROM `uasdbs`.`customer` WHERE  `id_customer`=6',0
20230212 07:22:08,ANOOBIS,adi,localhost,22,280,WRITE,uasdbs,customer,
20230212 07:22:08,ANOOBIS,adi,localhost,22,280,QUERY,uasdbs,'INSERT INTO `uasdbs`.`customer` (`nm_customer`, `addr_customer`, `id_roomtype`, `id_idcard`, `idcard_number`) VALUES (\'Lili Haryanti\', \'Jakarta\', \'1\', \'1\', \'3326165706070003\')',0
20230212 07:22:08,ANOOBIS,adi,localhost,22,281,QUERY,uasdbs,'SELECT LAST_INSERT_ID()',0
20230212 07:22:08,ANOOBIS,adi,localhost,22,282,READ,uasdbs,customer,
20230212 07:22:08,ANOOBIS,adi,localhost,22,282,QUERY,uasdbs,'SELECT `id_customer`, `nm_customer`, `addr_customer`, `id_roomtype`, `id_idcard`, `idcard_number` FROM `uasdbs`.`customer` WHERE  `id_customer`=7',0
20230212 07:22:33,ANOOBIS,adi,localhost,22,283,WRITE,uasdbs,customer,
20230212 07:22:33,ANOOBIS,adi,localhost,22,283,QUERY,uasdbs,'INSERT INTO `uasdbs`.`customer` (`nm_customer`, `addr_customer`, `id_roomtype`, `id_idcard`, `idcard_number`) VALUES (\'Himawan Kuswoyo\', \'Jakarta\', \'5\', \'1\', \'3326162610790021\')',0
20230212 07:22:33,ANOOBIS,adi,localhost,22,284,QUERY,uasdbs,'SELECT LAST_INSERT_ID()',0
20230212 07:22:33,ANOOBIS,adi,localhost,22,285,READ,uasdbs,customer,
20230212 07:22:33,ANOOBIS,adi,localhost,22,285,QUERY,uasdbs,'SELECT `id_customer`, `nm_customer`, `addr_customer`, `id_roomtype`, `id_idcard`, `idcard_number` FROM `uasdbs`.`customer` WHERE  `id_customer`=8',0
20230212 07:23:09,ANOOBIS,adi,localhost,22,286,WRITE,uasdbs,customer,
20230212 07:23:09,ANOOBIS,adi,localhost,22,286,QUERY,uasdbs,'INSERT INTO `uasdbs`.`customer` (`nm_customer`, `addr_customer`, `id_roomtype`, `id_idcard`, `idcard_number`) VALUES (\'Zahra Rahmayani\', \'Depok\', \'3\', \'1\', \'3326160706800001\')',0
20230212 07:23:09,ANOOBIS,adi,localhost,22,287,QUERY,uasdbs,'SELECT LAST_INSERT_ID()',0
20230212 07:23:09,ANOOBIS,adi,localhost,22,288,READ,uasdbs,customer,
20230212 07:23:09,ANOOBIS,adi,localhost,22,288,QUERY,uasdbs,'SELECT `id_customer`, `nm_customer`, `addr_customer`, `id_roomtype`, `id_idcard`, `idcard_number` FROM `uasdbs`.`customer` WHERE  `id_customer`=9',0
20230212 07:23:28,ANOOBIS,adi,localhost,22,289,WRITE,uasdbs,customer,
20230212 07:23:28,ANOOBIS,adi,localhost,22,289,QUERY,uasdbs,'INSERT INTO `uasdbs`.`customer` (`nm_customer`, `addr_customer`, `id_roomtype`, `id_idcard`, `idcard_number`) VALUES (\'Jessica Pertiwi\', \'Jakarta\', \'2\', \'1\', \'3326167101940001\')',0
20230212 07:23:28,ANOOBIS,adi,localhost,22,290,QUERY,uasdbs,'SELECT LAST_INSERT_ID()',0
20230212 07:23:28,ANOOBIS,adi,localhost,22,291,READ,uasdbs,customer,
20230212 07:23:28,ANOOBIS,adi,localhost,22,291,QUERY,uasdbs,'SELECT `id_customer`, `nm_customer`, `addr_customer`, `id_roomtype`, `id_idcard`, `idcard_number` FROM `uasdbs`.`customer` WHERE  `id_customer`=10',0
20230212 07:24:49,ANOOBIS,adi,localhost,22,292,WRITE,uasdbs,customer,
20230212 07:24:49,ANOOBIS,adi,localhost,22,292,QUERY,uasdbs,'INSERT INTO `uasdbs`.`customer` (`nm_customer`, `addr_customer`, `id_roomtype`, `id_idcard`, `idcard_number`) VALUES (\'Cecep Marbun\', \'Bandung\', \'1\', \'1\', \'3326164101680022\')',0
20230212 07:24:49,ANOOBIS,adi,localhost,22,293,QUERY,uasdbs,'SELECT LAST_INSERT_ID()',0
20230212 07:24:49,ANOOBIS,adi,localhost,22,294,READ,uasdbs,customer,
20230212 07:24:49,ANOOBIS,adi,localhost,22,294,QUERY,uasdbs,'SELECT `id_customer`, `nm_customer`, `addr_customer`, `id_roomtype`, `id_idcard`, `idcard_number` FROM `uasdbs`.`customer` WHERE  `id_customer`=11',0
20230212 07:25:12,ANOOBIS,adi,localhost,22,295,WRITE,uasdbs,customer,
20230212 07:25:12,ANOOBIS,adi,localhost,22,295,QUERY,uasdbs,'INSERT INTO `uasdbs`.`customer` (`nm_customer`, `addr_customer`, `id_roomtype`, `id_idcard`, `idcard_number`) VALUES (\'Gasti Usamah\', \'Depok\', \'1\', \'1\', \'3326162209000003\')',0
20230212 07:25:12,ANOOBIS,adi,localhost,22,296,QUERY,uasdbs,'SELECT LAST_INSERT_ID()',0
20230212 07:25:12,ANOOBIS,adi,localhost,22,297,READ,uasdbs,customer,
20230212 07:25:12,ANOOBIS,adi,localhost,22,297,QUERY,uasdbs,'SELECT `id_customer`, `nm_customer`, `addr_customer`, `id_roomtype`, `id_idcard`, `idcard_number` FROM `uasdbs`.`customer` WHERE  `id_customer`=12',0
20230212 07:25:36,ANOOBIS,adi,localhost,22,298,WRITE,uasdbs,customer,
20230212 07:25:36,ANOOBIS,adi,localhost,22,298,QUERY,uasdbs,'INSERT INTO `uasdbs`.`customer` (`nm_customer`, `addr_customer`, `id_roomtype`, `id_idcard`, `idcard_number`) VALUES (\'Patricia Yuliari\', \'Jakarta\', \'3\', \'1\', \'3326160107540309\')',0
20230212 07:25:36,ANOOBIS,adi,localhost,22,299,QUERY,uasdbs,'SELECT LAST_INSERT_ID()',0
20230212 07:25:36,ANOOBIS,adi,localhost,22,300,READ,uasdbs,customer,
20230212 07:25:36,ANOOBIS,adi,localhost,22,300,QUERY,uasdbs,'SELECT `id_customer`, `nm_customer`, `addr_customer`, `id_roomtype`, `id_idcard`, `idcard_number` FROM `uasdbs`.`customer` WHERE  `id_customer`=13',0
20230212 07:26:07,ANOOBIS,adi,localhost,22,301,WRITE,uasdbs,customer,
20230212 07:26:07,ANOOBIS,adi,localhost,22,301,QUERY,uasdbs,'INSERT INTO `uasdbs`.`customer` (`nm_customer`, `addr_customer`, `id_roomtype`, `id_idcard`, `idcard_number`) VALUES (\'Bakiono Mustofa\', \'Semarang\', \'2\', \'1\', \'3326165403850003\')',0
20230212 07:26:07,ANOOBIS,adi,localhost,22,302,QUERY,uasdbs,'SELECT LAST_INSERT_ID()',0
20230212 07:26:07,ANOOBIS,adi,localhost,22,303,READ,uasdbs,customer,
20230212 07:26:07,ANOOBIS,adi,localhost,22,303,QUERY,uasdbs,'SELECT `id_customer`, `nm_customer`, `addr_customer`, `id_roomtype`, `id_idcard`, `idcard_number` FROM `uasdbs`.`customer` WHERE  `id_customer`=14',0
20230212 07:26:38,ANOOBIS,adi,localhost,22,304,WRITE,uasdbs,customer,
20230212 07:26:38,ANOOBIS,adi,localhost,22,304,QUERY,uasdbs,'INSERT INTO `uasdbs`.`customer` (`nm_customer`, `addr_customer`, `id_roomtype`, `id_idcard`, `idcard_number`) VALUES (\'Hesti Yolanda\', \'Jakarta\', \'1\', \'1\', \'3326164107600589\')',0
20230212 07:26:38,ANOOBIS,adi,localhost,22,305,QUERY,uasdbs,'SELECT LAST_INSERT_ID()',0
20230212 07:26:38,ANOOBIS,adi,localhost,22,306,READ,uasdbs,customer,
20230212 07:26:38,ANOOBIS,adi,localhost,22,306,QUERY,uasdbs,'SELECT `id_customer`, `nm_customer`, `addr_customer`, `id_roomtype`, `id_idcard`, `idcard_number` FROM `uasdbs`.`customer` WHERE  `id_customer`=15',0
20230212 07:27:00,ANOOBIS,adi,localhost,22,307,WRITE,uasdbs,customer,
20230212 07:27:00,ANOOBIS,adi,localhost,22,307,QUERY,uasdbs,'INSERT INTO `uasdbs`.`customer` (`nm_customer`, `addr_customer`, `id_roomtype`, `id_idcard`, `idcard_number`) VALUES (\'Lanang Uwais\', \'Depok\', \'1\', \'1\', \'3326161902810064\')',0
20230212 07:27:00,ANOOBIS,adi,localhost,22,308,QUERY,uasdbs,'SELECT LAST_INSERT_ID()',0
20230212 07:27:00,ANOOBIS,adi,localhost,22,309,READ,uasdbs,customer,
20230212 07:27:00,ANOOBIS,adi,localhost,22,309,QUERY,uasdbs,'SELECT `id_customer`, `nm_customer`, `addr_customer`, `id_roomtype`, `id_idcard`, `idcard_number` FROM `uasdbs`.`customer` WHERE  `id_customer`=16',0
20230212 07:27:20,ANOOBIS,adi,localhost,22,310,WRITE,uasdbs,customer,
20230212 07:27:20,ANOOBIS,adi,localhost,22,310,QUERY,uasdbs,'INSERT INTO `uasdbs`.`customer` (`nm_customer`, `addr_customer`, `id_roomtype`, `id_idcard`, `idcard_number`) VALUES (\'Daryani Mandala\', \'Semarang\', \'2\', \'1\', \'3326161005680022\')',0
20230212 07:27:20,ANOOBIS,adi,localhost,22,311,QUERY,uasdbs,'SELECT LAST_INSERT_ID()',0
20230212 07:27:20,ANOOBIS,adi,localhost,22,312,READ,uasdbs,customer,
20230212 07:27:20,ANOOBIS,adi,localhost,22,312,QUERY,uasdbs,'SELECT `id_customer`, `nm_customer`, `addr_customer`, `id_roomtype`, `id_idcard`, `idcard_number` FROM `uasdbs`.`customer` WHERE  `id_customer`=17',0
20230212 07:27:44,ANOOBIS,adi,localhost,22,313,WRITE,uasdbs,customer,
20230212 07:27:44,ANOOBIS,adi,localhost,22,313,QUERY,uasdbs,'INSERT INTO `uasdbs`.`customer` (`nm_customer`, `addr_customer`, `id_roomtype`, `id_idcard`) VALUES (\'Ghaliati Nuraini\', \'Bogor\', \'3\', \'1\')',0
20230212 07:27:44,ANOOBIS,adi,localhost,22,314,QUERY,uasdbs,'SELECT LAST_INSERT_ID()',0
20230212 07:27:44,ANOOBIS,adi,localhost,22,315,READ,uasdbs,customer,
20230212 07:27:44,ANOOBIS,adi,localhost,22,315,QUERY,uasdbs,'SELECT `id_customer`, `nm_customer`, `addr_customer`, `id_roomtype`, `id_idcard`, `idcard_number` FROM `uasdbs`.`customer` WHERE  `id_customer`=18',0
20230212 07:27:45,ANOOBIS,adi,localhost,22,316,WRITE,uasdbs,customer,
20230212 07:27:45,ANOOBIS,adi,localhost,22,316,QUERY,uasdbs,'UPDATE `uasdbs`.`customer` SET `idcard_number`=\'3326161106490001\' WHERE  `id_customer`=18',0
20230212 07:27:45,ANOOBIS,adi,localhost,22,317,READ,uasdbs,customer,
20230212 07:27:45,ANOOBIS,adi,localhost,22,317,QUERY,uasdbs,'SELECT `id_customer`, `nm_customer`, `addr_customer`, `id_roomtype`, `id_idcard`, `idcard_number` FROM `uasdbs`.`customer` WHERE  `id_customer`=18',0
20230212 07:28:07,ANOOBIS,adi,localhost,22,318,WRITE,uasdbs,customer,
20230212 07:28:07,ANOOBIS,adi,localhost,22,318,QUERY,uasdbs,'INSERT INTO `uasdbs`.`customer` (`nm_customer`, `addr_customer`, `id_roomtype`, `id_idcard`, `idcard_number`) VALUES (\'Padma Rianti\', \'Jakarta\', \'3\', \'1\', \'3326161905910023\')',0
20230212 07:28:07,ANOOBIS,adi,localhost,22,319,QUERY,uasdbs,'SELECT LAST_INSERT_ID()',0
20230212 07:28:07,ANOOBIS,adi,localhost,22,320,READ,uasdbs,customer,
20230212 07:28:07,ANOOBIS,adi,localhost,22,320,QUERY,uasdbs,'SELECT `id_customer`, `nm_customer`, `addr_customer`, `id_roomtype`, `id_idcard`, `idcard_number` FROM `uasdbs`.`customer` WHERE  `id_customer`=19',0
20230212 07:28:34,ANOOBIS,adi,localhost,22,321,WRITE,uasdbs,customer,
20230212 07:28:34,ANOOBIS,adi,localhost,22,321,QUERY,uasdbs,'INSERT INTO `uasdbs`.`customer` (`nm_customer`, `addr_customer`, `id_roomtype`, `id_idcard`, `idcard_number`) VALUES (\'Olivia Rahayu\', \'Semarang\', \'2\', \'1\', \'3326165407590001\')',0
20230212 07:28:34,ANOOBIS,adi,localhost,22,322,QUERY,uasdbs,'SELECT LAST_INSERT_ID()',0
20230212 07:28:34,ANOOBIS,adi,localhost,22,323,READ,uasdbs,customer,
20230212 07:28:34,ANOOBIS,adi,localhost,22,323,QUERY,uasdbs,'SELECT `id_customer`, `nm_customer`, `addr_customer`, `id_roomtype`, `id_idcard`, `idcard_number` FROM `uasdbs`.`customer` WHERE  `id_customer`=20',0
20230212 07:28:54,ANOOBIS,adi,localhost,22,324,WRITE,uasdbs,customer,
20230212 07:28:54,ANOOBIS,adi,localhost,22,324,QUERY,uasdbs,'INSERT INTO `uasdbs`.`customer` (`nm_customer`, `addr_customer`, `id_roomtype`, `id_idcard`, `idcard_number`) VALUES (\'Elma Usada\', \'Jakarta\', \'2\', \'1\', \'3326162003040001\')',0
20230212 07:28:54,ANOOBIS,adi,localhost,22,325,QUERY,uasdbs,'SELECT LAST_INSERT_ID()',0
20230212 07:28:54,ANOOBIS,adi,localhost,22,326,READ,uasdbs,customer,
20230212 07:28:54,ANOOBIS,adi,localhost,22,326,QUERY,uasdbs,'SELECT `id_customer`, `nm_customer`, `addr_customer`, `id_roomtype`, `id_idcard`, `idcard_number` FROM `uasdbs`.`customer` WHERE  `id_customer`=21',0
20230212 07:29:23,ANOOBIS,adi,localhost,22,327,WRITE,uasdbs,customer,
20230212 07:29:23,ANOOBIS,adi,localhost,22,327,QUERY,uasdbs,'INSERT INTO `uasdbs`.`customer` (`nm_customer`, `addr_customer`, `id_roomtype`, `id_idcard`, `idcard_number`) VALUES (\'Cornelia Hasanah\', \'Jakarta\', \'2\', \'1\', \'3326161506050001\')',0
20230212 07:29:23,ANOOBIS,adi,localhost,22,328,QUERY,uasdbs,'SELECT LAST_INSERT_ID()',0
20230212 07:29:23,ANOOBIS,adi,localhost,22,329,READ,uasdbs,customer,
20230212 07:29:23,ANOOBIS,adi,localhost,22,329,QUERY,uasdbs,'SELECT `id_customer`, `nm_customer`, `addr_customer`, `id_roomtype`, `id_idcard`, `idcard_number` FROM `uasdbs`.`customer` WHERE  `id_customer`=22',0
20230212 07:29:46,ANOOBIS,adi,localhost,22,330,WRITE,uasdbs,customer,
20230212 07:29:46,ANOOBIS,adi,localhost,22,330,QUERY,uasdbs,'INSERT INTO `uasdbs`.`customer` (`nm_customer`, `addr_customer`, `id_roomtype`, `id_idcard`, `idcard_number`) VALUES (\'Rusman Firgantoro\', \'Semarang\', \'5\', \'1\', \'3326165206560003\')',0
20230212 07:29:46,ANOOBIS,adi,localhost,22,331,QUERY,uasdbs,'SELECT LAST_INSERT_ID()',0
20230212 07:29:46,ANOOBIS,adi,localhost,22,332,READ,uasdbs,customer,
20230212 07:29:46,ANOOBIS,adi,localhost,22,332,QUERY,uasdbs,'SELECT `id_customer`, `nm_customer`, `addr_customer`, `id_roomtype`, `id_idcard`, `idcard_number` FROM `uasdbs`.`customer` WHERE  `id_customer`=23',0
20230212 07:29:59,ANOOBIS,adi,localhost,22,333,WRITE,uasdbs,customer,
20230212 07:29:59,ANOOBIS,adi,localhost,22,333,QUERY,uasdbs,'INSERT INTO `uasdbs`.`customer` (`nm_customer`, `addr_customer`, `id_roomtype`) VALUES (\'Tania Halimah\', \'Bogor\', \'1\')',0
20230212 07:29:59,ANOOBIS,adi,localhost,22,334,QUERY,uasdbs,'SELECT LAST_INSERT_ID()',0
20230212 07:29:59,ANOOBIS,adi,localhost,22,335,READ,uasdbs,customer,
20230212 07:29:59,ANOOBIS,adi,localhost,22,335,QUERY,uasdbs,'SELECT `id_customer`, `nm_customer`, `addr_customer`, `id_roomtype`, `id_idcard`, `idcard_number` FROM `uasdbs`.`customer` WHERE  `id_customer`=24',0
20230212 07:30:05,ANOOBIS,adi,localhost,22,336,WRITE,uasdbs,customer,
20230212 07:30:05,ANOOBIS,adi,localhost,22,336,QUERY,uasdbs,'UPDATE `uasdbs`.`customer` SET `id_idcard`=\'1\', `idcard_number`=\'3326164710810002\' WHERE  `id_customer`=24',0
20230212 07:30:05,ANOOBIS,adi,localhost,22,337,READ,uasdbs,customer,
20230212 07:30:05,ANOOBIS,adi,localhost,22,337,QUERY,uasdbs,'SELECT `id_customer`, `nm_customer`, `addr_customer`, `id_roomtype`, `id_idcard`, `idcard_number` FROM `uasdbs`.`customer` WHERE  `id_customer`=24',0
20230212 07:31:26,ANOOBIS,ana,localhost,23,0,CONNECT,,,0
20230212 07:31:26,ANOOBIS,ana,localhost,23,338,QUERY,,'SELECT CONNECTION_ID()',0
20230212 07:31:26,ANOOBIS,ana,localhost,23,339,QUERY,,'SHOW VARIABLES',0
20230212 07:31:26,ANOOBIS,ana,localhost,23,340,QUERY,,'SHOW /*!50002 GLOBAL */ STATUS',0
20230212 07:31:26,ANOOBIS,ana,localhost,23,341,QUERY,,'SELECT NOW()',0
20230212 07:31:26,ANOOBIS,ana,localhost,23,342,QUERY,,'SHOW TABLES FROM `information_schema`',0
20230212 07:31:26,ANOOBIS,ana,localhost,23,343,QUERY,,'SHOW DATABASES',0
20230212 07:31:26,ANOOBIS,ana,localhost,23,344,QUERY,,'SHOW OPEN TABLES FROM uasdbs WHERE `in_use`!=0',0
20230212 07:31:26,ANOOBIS,ana,localhost,23,345,QUERY,uasdbs,'USE `uasdbs`',0
20230212 07:31:26,ANOOBIS,ana,localhost,23,346,QUERY,uasdbs,'SELECT `DEFAULT_COLLATION_NAME` FROM `information_schema`.`SCHEMATA` WHERE `SCHEMA_NAME`=\'uasdbs\'',0
20230212 07:31:26,ANOOBIS,ana,localhost,23,347,QUERY,uasdbs,'SHOW TABLE STATUS FROM `uasdbs`',0
20230212 07:31:26,ANOOBIS,ana,localhost,23,348,READ,mysql,proc,
20230212 07:31:26,ANOOBIS,ana,localhost,23,348,QUERY,uasdbs,'SHOW FUNCTION STATUS WHERE `Db`=\'uasdbs\'',0
20230212 07:31:26,ANOOBIS,ana,localhost,23,349,READ,mysql,proc,
20230212 07:31:26,ANOOBIS,ana,localhost,23,349,QUERY,uasdbs,'SHOW PROCEDURE STATUS WHERE `Db`=\'uasdbs\'',0
20230212 07:31:26,ANOOBIS,ana,localhost,23,350,QUERY,uasdbs,'SHOW TRIGGERS FROM `uasdbs`',0
20230212 07:31:26,ANOOBIS,ana,localhost,23,351,READ,mysql,event,
20230212 07:31:26,ANOOBIS,ana,localhost,23,351,QUERY,uasdbs,'SELECT *, EVENT_SCHEMA AS `Db`, EVENT_NAME AS `Name` FROM information_schema.`EVENTS` WHERE `EVENT_SCHEMA`=\'uasdbs\'',0
20230212 07:31:59,ANOOBIS,ana,localhost,23,352,QUERY,uasdbs,'SELECT * FROM `information_schema`.`COLUMNS` WHERE TABLE_SCHEMA=\'uasdbs\' AND TABLE_NAME=\'customer\' ORDER BY ORDINAL_POSITION',0
20230212 07:31:59,ANOOBIS,ana,localhost,23,353,QUERY,uasdbs,'SHOW INDEXES FROM `customer` FROM `uasdbs`',0
20230212 07:31:59,ANOOBIS,ana,localhost,23,354,QUERY,uasdbs,'SELECT * FROM information_schema.REFERENTIAL_CONSTRAINTS WHERE   CONSTRAINT_SCHEMA=\'uasdbs\'   AND TABLE_NAME=\'customer\'   AND REFERENCED_TABLE_NAME IS NOT NULL',0
20230212 07:31:59,ANOOBIS,ana,localhost,23,355,QUERY,uasdbs,'SELECT * FROM information_schema.KEY_COLUMN_USAGE WHERE   TABLE_SCHEMA=\'uasdbs\'   AND TABLE_NAME=\'customer\'   AND REFERENCED_TABLE_NAME IS NOT NULL',0
20230212 07:31:59,ANOOBIS,ana,localhost,23,356,QUERY,uasdbs,'SHOW ENGINES',0
20230212 07:31:59,ANOOBIS,ana,localhost,23,357,QUERY,uasdbs,'SHOW COLLATION',0
20230212 07:31:59,ANOOBIS,ana,localhost,23,358,QUERY,uasdbs,'SHOW CREATE TABLE `uasdbs`.`customer`',0
20230212 07:31:59,ANOOBIS,ana,localhost,23,359,QUERY,uasdbs,'SELECT CONSTRAINT_NAME, CHECK_CLAUSE FROM `information_schema`.`CHECK_CONSTRAINTS` WHERE CONSTRAINT_SCHEMA=\'uasdbs\' AND TABLE_NAME=\'customer\'',0
20230212 07:35:06,ANOOBIS,ana,localhost,23,360,QUERY,uasdbs,'SELECT 1 FROM `uasdbs`.`temp`',1146
20230212 07:35:06,ANOOBIS,ana,localhost,23,361,CREATE,uasdbs,temp,
20230212 07:35:06,ANOOBIS,ana,localhost,23,361,QUERY,uasdbs,'CREATE TABLE `uasdbs`.`temp` (\r\n\t`id_customer` INT(11) NOT NULL AUTO_INCREMENT,\r\n\t`nm_customer` VARCHAR(50) NOT NULL COLLATE \'utf8mb4_general_ci\',\r\n\t`addr_customer` VARCHAR(50) NOT NULL COLLATE \'utf8mb4_general_ci\',\r\n\t`id_roomtype` INT(11) NOT NULL,\r\n\t`id_idcard` INT(11) NOT NULL,\r\n\t`idcard_number` VARCHAR(50) NOT NULL COLLATE \'utf8mb4_general_ci\',\r\n\tPRIMARY KEY (`id_customer`) USING BTREE\r\n)\r\n COLLATE \'utf8mb4_general_ci\' ENGINE=InnoDB ROW_FORMAT=Dynamic AUTO_INCREMENT=25',0
20230212 07:35:06,ANOOBIS,ana,localhost,23,362,WRITE,uasdbs,temp,
20230212 07:35:06,ANOOBIS,ana,localhost,23,362,READ,uasdbs,customer,
20230212 07:35:06,ANOOBIS,ana,localhost,23,362,READ,mysql,table_stats,
20230212 07:35:06,ANOOBIS,ana,localhost,23,362,READ,mysql,column_stats,
20230212 07:35:06,ANOOBIS,ana,localhost,23,362,READ,mysql,index_stats,
20230212 07:35:06,ANOOBIS,ana,localhost,23,362,QUERY,uasdbs,'INSERT INTO `uasdbs`.`temp` (`id_customer`, `nm_customer`, `addr_customer`, `id_roomtype`, `id_idcard`, `idcard_number`) SELECT `id_customer`, `nm_customer`, `addr_customer`, `id_roomtype`, `id_idcard`, `idcard_number` FROM `customer`',0
20230212 07:35:06,ANOOBIS,ana,localhost,23,363,QUERY,uasdbs,'SHOW DATABASES',0
20230212 07:35:06,ANOOBIS,ana,localhost,23,364,QUERY,uasdbs,'SELECT `DEFAULT_COLLATION_NAME` FROM `information_schema`.`SCHEMATA` WHERE `SCHEMA_NAME`=\'uasdbs\'',0
20230212 07:35:06,ANOOBIS,ana,localhost,23,365,QUERY,uasdbs,'SHOW TABLE STATUS FROM `uasdbs`',0
20230212 07:35:06,ANOOBIS,ana,localhost,23,366,READ,mysql,proc,
20230212 07:35:06,ANOOBIS,ana,localhost,23,366,QUERY,uasdbs,'SHOW FUNCTION STATUS WHERE `Db`=\'uasdbs\'',0
20230212 07:35:06,ANOOBIS,ana,localhost,23,367,READ,mysql,proc,
20230212 07:35:06,ANOOBIS,ana,localhost,23,367,QUERY,uasdbs,'SHOW PROCEDURE STATUS WHERE `Db`=\'uasdbs\'',0
20230212 07:35:06,ANOOBIS,ana,localhost,23,368,QUERY,uasdbs,'SHOW TRIGGERS FROM `uasdbs`',0
20230212 07:35:06,ANOOBIS,ana,localhost,23,369,READ,mysql,event,
20230212 07:35:06,ANOOBIS,ana,localhost,23,369,QUERY,uasdbs,'SELECT *, EVENT_SCHEMA AS `Db`, EVENT_NAME AS `Name` FROM information_schema.`EVENTS` WHERE `EVENT_SCHEMA`=\'uasdbs\'',0
20230212 07:35:06,ANOOBIS,ana,localhost,23,370,QUERY,uasdbs,'SELECT * FROM `information_schema`.`COLUMNS` WHERE TABLE_SCHEMA=\'uasdbs\' AND TABLE_NAME=\'customer\' ORDER BY ORDINAL_POSITION',0
20230212 07:35:06,ANOOBIS,ana,localhost,23,371,QUERY,uasdbs,'SHOW INDEXES FROM `customer` FROM `uasdbs`',0
20230212 07:35:06,ANOOBIS,ana,localhost,23,372,QUERY,uasdbs,'SELECT * FROM information_schema.REFERENTIAL_CONSTRAINTS WHERE   CONSTRAINT_SCHEMA=\'uasdbs\'   AND TABLE_NAME=\'customer\'   AND REFERENCED_TABLE_NAME IS NOT NULL',0
20230212 07:35:06,ANOOBIS,ana,localhost,23,373,QUERY,uasdbs,'SELECT * FROM information_schema.KEY_COLUMN_USAGE WHERE   TABLE_SCHEMA=\'uasdbs\'   AND TABLE_NAME=\'customer\'   AND REFERENCED_TABLE_NAME IS NOT NULL',0
20230212 07:37:00,ANOOBIS,ana,localhost,23,374,RENAME,uasdbs,customer|uasdbs.tempx,
20230212 07:37:00,ANOOBIS,ana,localhost,23,374,WRITE,mysql,table_stats,
20230212 07:37:00,ANOOBIS,ana,localhost,23,374,WRITE,mysql,column_stats,
20230212 07:37:00,ANOOBIS,ana,localhost,23,374,WRITE,mysql,index_stats,
20230212 07:37:00,ANOOBIS,ana,localhost,23,374,QUERY,uasdbs,'RENAME TABLE `customer` TO `tempx`',0
20230212 07:37:00,ANOOBIS,ana,localhost,23,375,QUERY,uasdbs,'SELECT `DEFAULT_COLLATION_NAME` FROM `information_schema`.`SCHEMATA` WHERE `SCHEMA_NAME`=\'uasdbs\'',0
20230212 07:37:00,ANOOBIS,ana,localhost,23,376,QUERY,uasdbs,'SHOW TABLE STATUS FROM `uasdbs`',0
20230212 07:37:00,ANOOBIS,ana,localhost,23,377,READ,mysql,proc,
20230212 07:37:00,ANOOBIS,ana,localhost,23,377,QUERY,uasdbs,'SHOW FUNCTION STATUS WHERE `Db`=\'uasdbs\'',0
20230212 07:37:00,ANOOBIS,ana,localhost,23,378,READ,mysql,proc,
20230212 07:37:00,ANOOBIS,ana,localhost,23,378,QUERY,uasdbs,'SHOW PROCEDURE STATUS WHERE `Db`=\'uasdbs\'',0
20230212 07:37:00,ANOOBIS,ana,localhost,23,379,QUERY,uasdbs,'SHOW TRIGGERS FROM `uasdbs`',0
20230212 07:37:00,ANOOBIS,ana,localhost,23,380,READ,mysql,event,
20230212 07:37:00,ANOOBIS,ana,localhost,23,380,QUERY,uasdbs,'SELECT *, EVENT_SCHEMA AS `Db`, EVENT_NAME AS `Name` FROM information_schema.`EVENTS` WHERE `EVENT_SCHEMA`=\'uasdbs\'',0
20230212 07:37:00,ANOOBIS,ana,localhost,23,381,QUERY,uasdbs,'SELECT * FROM `information_schema`.`COLUMNS` WHERE TABLE_SCHEMA=\'uasdbs\' AND TABLE_NAME=\'tempx\' ORDER BY ORDINAL_POSITION',0
20230212 07:37:00,ANOOBIS,ana,localhost,23,382,READ,mysql,table_stats,
20230212 07:37:00,ANOOBIS,ana,localhost,23,382,READ,mysql,column_stats,
20230212 07:37:00,ANOOBIS,ana,localhost,23,382,READ,mysql,index_stats,
20230212 07:37:00,ANOOBIS,ana,localhost,23,382,QUERY,uasdbs,'SHOW INDEXES FROM `tempx` FROM `uasdbs`',0
20230212 07:37:00,ANOOBIS,ana,localhost,23,383,QUERY,uasdbs,'SELECT * FROM information_schema.REFERENTIAL_CONSTRAINTS WHERE   CONSTRAINT_SCHEMA=\'uasdbs\'   AND TABLE_NAME=\'tempx\'   AND REFERENCED_TABLE_NAME IS NOT NULL',0
20230212 07:37:00,ANOOBIS,ana,localhost,23,384,QUERY,uasdbs,'SELECT * FROM information_schema.KEY_COLUMN_USAGE WHERE   TABLE_SCHEMA=\'uasdbs\'   AND TABLE_NAME=\'tempx\'   AND REFERENCED_TABLE_NAME IS NOT NULL',0
20230212 07:37:00,ANOOBIS,ana,localhost,23,385,QUERY,uasdbs,'SHOW CREATE TABLE `uasdbs`.`tempx`',0
20230212 07:37:00,ANOOBIS,ana,localhost,23,386,QUERY,uasdbs,'SELECT CONSTRAINT_NAME, CHECK_CLAUSE FROM `information_schema`.`CHECK_CONSTRAINTS` WHERE CONSTRAINT_SCHEMA=\'uasdbs\' AND TABLE_NAME=\'tempx\'',0
20230212 07:37:42,ANOOBIS,ana,localhost,23,387,WRITE,uasdbs,tempx,
20230212 07:37:42,ANOOBIS,ana,localhost,23,387,QUERY,uasdbs,'TRUNCATE `tempx`',0
20230212 07:37:42,ANOOBIS,ana,localhost,23,388,QUERY,uasdbs,'SHOW DATABASES',0
20230212 07:37:42,ANOOBIS,ana,localhost,23,389,QUERY,uasdbs,'SELECT `DEFAULT_COLLATION_NAME` FROM `information_schema`.`SCHEMATA` WHERE `SCHEMA_NAME`=\'uasdbs\'',0
20230212 07:37:42,ANOOBIS,ana,localhost,23,390,QUERY,uasdbs,'SHOW TABLE STATUS FROM `uasdbs`',0
20230212 07:37:42,ANOOBIS,ana,localhost,23,391,READ,mysql,proc,
20230212 07:37:42,ANOOBIS,ana,localhost,23,391,QUERY,uasdbs,'SHOW FUNCTION STATUS WHERE `Db`=\'uasdbs\'',0
20230212 07:37:42,ANOOBIS,ana,localhost,23,392,READ,mysql,proc,
20230212 07:37:42,ANOOBIS,ana,localhost,23,392,QUERY,uasdbs,'SHOW PROCEDURE STATUS WHERE `Db`=\'uasdbs\'',0
20230212 07:37:42,ANOOBIS,ana,localhost,23,393,QUERY,uasdbs,'SHOW TRIGGERS FROM `uasdbs`',0
20230212 07:37:42,ANOOBIS,ana,localhost,23,394,READ,mysql,event,
20230212 07:37:42,ANOOBIS,ana,localhost,23,394,QUERY,uasdbs,'SELECT *, EVENT_SCHEMA AS `Db`, EVENT_NAME AS `Name` FROM information_schema.`EVENTS` WHERE `EVENT_SCHEMA`=\'uasdbs\'',0
20230212 07:37:42,ANOOBIS,ana,localhost,23,395,QUERY,uasdbs,'SELECT * FROM `information_schema`.`COLUMNS` WHERE TABLE_SCHEMA=\'uasdbs\' AND TABLE_NAME=\'tempx\' ORDER BY ORDINAL_POSITION',0
20230212 07:37:42,ANOOBIS,ana,localhost,23,396,READ,mysql,table_stats,
20230212 07:37:42,ANOOBIS,ana,localhost,23,396,READ,mysql,column_stats,
20230212 07:37:42,ANOOBIS,ana,localhost,23,396,READ,mysql,index_stats,
20230212 07:37:42,ANOOBIS,ana,localhost,23,396,QUERY,uasdbs,'SHOW INDEXES FROM `tempx` FROM `uasdbs`',0
20230212 07:37:42,ANOOBIS,ana,localhost,23,397,QUERY,uasdbs,'SELECT * FROM information_schema.REFERENTIAL_CONSTRAINTS WHERE   CONSTRAINT_SCHEMA=\'uasdbs\'   AND TABLE_NAME=\'tempx\'   AND REFERENCED_TABLE_NAME IS NOT NULL',0
20230212 07:37:42,ANOOBIS,ana,localhost,23,398,QUERY,uasdbs,'SELECT * FROM information_schema.KEY_COLUMN_USAGE WHERE   TABLE_SCHEMA=\'uasdbs\'   AND TABLE_NAME=\'tempx\'   AND REFERENCED_TABLE_NAME IS NOT NULL',0
20230212 07:37:54,ANOOBIS,ana,localhost,23,399,QUERY,uasdbs,'SELECT * FROM `information_schema`.`COLUMNS` WHERE TABLE_SCHEMA=\'uasdbs\' AND TABLE_NAME=\'temp\' ORDER BY ORDINAL_POSITION',0
20230212 07:37:54,ANOOBIS,ana,localhost,23,400,QUERY,uasdbs,'SHOW INDEXES FROM `temp` FROM `uasdbs`',0
20230212 07:37:54,ANOOBIS,ana,localhost,23,401,QUERY,uasdbs,'SELECT * FROM information_schema.REFERENTIAL_CONSTRAINTS WHERE   CONSTRAINT_SCHEMA=\'uasdbs\'   AND TABLE_NAME=\'temp\'   AND REFERENCED_TABLE_NAME IS NOT NULL',0
20230212 07:37:54,ANOOBIS,ana,localhost,23,402,QUERY,uasdbs,'SELECT * FROM information_schema.KEY_COLUMN_USAGE WHERE   TABLE_SCHEMA=\'uasdbs\'   AND TABLE_NAME=\'temp\'   AND REFERENCED_TABLE_NAME IS NOT NULL',0
20230212 07:37:54,ANOOBIS,ana,localhost,23,403,QUERY,uasdbs,'SHOW CREATE TABLE `uasdbs`.`temp`',0
20230212 07:37:54,ANOOBIS,ana,localhost,23,404,QUERY,uasdbs,'SELECT CONSTRAINT_NAME, CHECK_CLAUSE FROM `information_schema`.`CHECK_CONSTRAINTS` WHERE CONSTRAINT_SCHEMA=\'uasdbs\' AND TABLE_NAME=\'temp\'',0
20230212 07:37:58,ANOOBIS,ana,localhost,23,405,WRITE,uasdbs,temp,
20230212 07:37:58,ANOOBIS,ana,localhost,23,405,QUERY,uasdbs,'TRUNCATE `temp`',0
20230212 07:37:58,ANOOBIS,ana,localhost,23,406,QUERY,uasdbs,'SHOW DATABASES',0
20230212 07:37:58,ANOOBIS,ana,localhost,23,407,QUERY,uasdbs,'SELECT `DEFAULT_COLLATION_NAME` FROM `information_schema`.`SCHEMATA` WHERE `SCHEMA_NAME`=\'uasdbs\'',0
20230212 07:37:58,ANOOBIS,ana,localhost,23,408,QUERY,uasdbs,'SHOW TABLE STATUS FROM `uasdbs`',0
20230212 07:37:58,ANOOBIS,ana,localhost,23,409,READ,mysql,proc,
20230212 07:37:58,ANOOBIS,ana,localhost,23,409,QUERY,uasdbs,'SHOW FUNCTION STATUS WHERE `Db`=\'uasdbs\'',0
20230212 07:37:58,ANOOBIS,ana,localhost,23,410,READ,mysql,proc,
20230212 07:37:58,ANOOBIS,ana,localhost,23,410,QUERY,uasdbs,'SHOW PROCEDURE STATUS WHERE `Db`=\'uasdbs\'',0
20230212 07:37:58,ANOOBIS,ana,localhost,23,411,QUERY,uasdbs,'SHOW TRIGGERS FROM `uasdbs`',0
20230212 07:37:58,ANOOBIS,ana,localhost,23,412,READ,mysql,event,
20230212 07:37:58,ANOOBIS,ana,localhost,23,412,QUERY,uasdbs,'SELECT *, EVENT_SCHEMA AS `Db`, EVENT_NAME AS `Name` FROM information_schema.`EVENTS` WHERE `EVENT_SCHEMA`=\'uasdbs\'',0
20230212 07:37:58,ANOOBIS,ana,localhost,23,413,QUERY,uasdbs,'SELECT * FROM `information_schema`.`COLUMNS` WHERE TABLE_SCHEMA=\'uasdbs\' AND TABLE_NAME=\'temp\' ORDER BY ORDINAL_POSITION',0
20230212 07:37:58,ANOOBIS,ana,localhost,23,414,READ,mysql,table_stats,
20230212 07:37:58,ANOOBIS,ana,localhost,23,414,READ,mysql,column_stats,
20230212 07:37:58,ANOOBIS,ana,localhost,23,414,READ,mysql,index_stats,
20230212 07:37:58,ANOOBIS,ana,localhost,23,414,QUERY,uasdbs,'SHOW INDEXES FROM `temp` FROM `uasdbs`',0
20230212 07:37:58,ANOOBIS,ana,localhost,23,415,QUERY,uasdbs,'SELECT * FROM information_schema.REFERENTIAL_CONSTRAINTS WHERE   CONSTRAINT_SCHEMA=\'uasdbs\'   AND TABLE_NAME=\'temp\'   AND REFERENCED_TABLE_NAME IS NOT NULL',0
20230212 07:37:58,ANOOBIS,ana,localhost,23,416,QUERY,uasdbs,'SELECT * FROM information_schema.KEY_COLUMN_USAGE WHERE   TABLE_SCHEMA=\'uasdbs\'   AND TABLE_NAME=\'temp\'   AND REFERENCED_TABLE_NAME IS NOT NULL',0
20230212 07:38:13,ANOOBIS,ana,localhost,23,417,RENAME,uasdbs,temp|uasdbs.customer,
20230212 07:38:13,ANOOBIS,ana,localhost,23,417,WRITE,mysql,table_stats,
20230212 07:38:13,ANOOBIS,ana,localhost,23,417,WRITE,mysql,column_stats,
20230212 07:38:13,ANOOBIS,ana,localhost,23,417,WRITE,mysql,index_stats,
20230212 07:38:13,ANOOBIS,ana,localhost,23,417,QUERY,uasdbs,'RENAME TABLE `temp` TO `customer`',0
20230212 07:38:13,ANOOBIS,ana,localhost,23,418,QUERY,uasdbs,'SELECT `DEFAULT_COLLATION_NAME` FROM `information_schema`.`SCHEMATA` WHERE `SCHEMA_NAME`=\'uasdbs\'',0
20230212 07:38:13,ANOOBIS,ana,localhost,23,419,QUERY,uasdbs,'SHOW TABLE STATUS FROM `uasdbs`',0
20230212 07:38:13,ANOOBIS,ana,localhost,23,420,READ,mysql,proc,
20230212 07:38:13,ANOOBIS,ana,localhost,23,420,QUERY,uasdbs,'SHOW FUNCTION STATUS WHERE `Db`=\'uasdbs\'',0
20230212 07:38:13,ANOOBIS,ana,localhost,23,421,READ,mysql,proc,
20230212 07:38:13,ANOOBIS,ana,localhost,23,421,QUERY,uasdbs,'SHOW PROCEDURE STATUS WHERE `Db`=\'uasdbs\'',0
20230212 07:38:13,ANOOBIS,ana,localhost,23,422,QUERY,uasdbs,'SHOW TRIGGERS FROM `uasdbs`',0
20230212 07:38:13,ANOOBIS,ana,localhost,23,423,READ,mysql,event,
20230212 07:38:13,ANOOBIS,ana,localhost,23,423,QUERY,uasdbs,'SELECT *, EVENT_SCHEMA AS `Db`, EVENT_NAME AS `Name` FROM information_schema.`EVENTS` WHERE `EVENT_SCHEMA`=\'uasdbs\'',0
20230212 07:38:13,ANOOBIS,ana,localhost,23,424,QUERY,uasdbs,'SELECT * FROM `information_schema`.`COLUMNS` WHERE TABLE_SCHEMA=\'uasdbs\' AND TABLE_NAME=\'customer\' ORDER BY ORDINAL_POSITION',0
20230212 07:38:13,ANOOBIS,ana,localhost,23,425,READ,mysql,table_stats,
20230212 07:38:13,ANOOBIS,ana,localhost,23,425,READ,mysql,column_stats,
20230212 07:38:13,ANOOBIS,ana,localhost,23,425,READ,mysql,index_stats,
20230212 07:38:13,ANOOBIS,ana,localhost,23,425,QUERY,uasdbs,'SHOW INDEXES FROM `customer` FROM `uasdbs`',0
20230212 07:38:13,ANOOBIS,ana,localhost,23,426,QUERY,uasdbs,'SELECT * FROM information_schema.REFERENTIAL_CONSTRAINTS WHERE   CONSTRAINT_SCHEMA=\'uasdbs\'   AND TABLE_NAME=\'customer\'   AND REFERENCED_TABLE_NAME IS NOT NULL',0
20230212 07:38:13,ANOOBIS,ana,localhost,23,427,QUERY,uasdbs,'SELECT * FROM information_schema.KEY_COLUMN_USAGE WHERE   TABLE_SCHEMA=\'uasdbs\'   AND TABLE_NAME=\'customer\'   AND REFERENCED_TABLE_NAME IS NOT NULL',0
20230212 07:38:13,ANOOBIS,ana,localhost,23,428,QUERY,uasdbs,'SHOW CREATE TABLE `uasdbs`.`customer`',0
20230212 07:38:13,ANOOBIS,ana,localhost,23,429,QUERY,uasdbs,'SELECT CONSTRAINT_NAME, CHECK_CLAUSE FROM `information_schema`.`CHECK_CONSTRAINTS` WHERE CONSTRAINT_SCHEMA=\'uasdbs\' AND TABLE_NAME=\'customer\'',0
20230212 07:38:16,ANOOBIS,ana,localhost,23,430,READ,uasdbs,customer,
20230212 07:38:16,ANOOBIS,ana,localhost,23,430,QUERY,uasdbs,'SELECT * FROM `uasdbs`.`customer` LIMIT 1000',0
20230212 07:38:18,ANOOBIS,ana,localhost,23,431,QUERY,uasdbs,'SELECT * FROM `information_schema`.`COLUMNS` WHERE TABLE_SCHEMA=\'uasdbs\' AND TABLE_NAME=\'tempx\' ORDER BY ORDINAL_POSITION',0
20230212 07:38:18,ANOOBIS,ana,localhost,23,432,QUERY,uasdbs,'SHOW INDEXES FROM `tempx` FROM `uasdbs`',0
20230212 07:38:18,ANOOBIS,ana,localhost,23,433,QUERY,uasdbs,'SELECT * FROM information_schema.REFERENTIAL_CONSTRAINTS WHERE   CONSTRAINT_SCHEMA=\'uasdbs\'   AND TABLE_NAME=\'tempx\'   AND REFERENCED_TABLE_NAME IS NOT NULL',0
20230212 07:38:18,ANOOBIS,ana,localhost,23,434,QUERY,uasdbs,'SELECT * FROM information_schema.KEY_COLUMN_USAGE WHERE   TABLE_SCHEMA=\'uasdbs\'   AND TABLE_NAME=\'tempx\'   AND REFERENCED_TABLE_NAME IS NOT NULL',0
20230212 07:38:18,ANOOBIS,ana,localhost,23,435,QUERY,uasdbs,'SHOW CREATE TABLE `uasdbs`.`tempx`',0
20230212 07:38:18,ANOOBIS,ana,localhost,23,436,QUERY,uasdbs,'SELECT CONSTRAINT_NAME, CHECK_CLAUSE FROM `information_schema`.`CHECK_CONSTRAINTS` WHERE CONSTRAINT_SCHEMA=\'uasdbs\' AND TABLE_NAME=\'tempx\'',0
20230212 07:38:18,ANOOBIS,ana,localhost,23,437,READ,uasdbs,tempx,
20230212 07:38:18,ANOOBIS,ana,localhost,23,437,QUERY,uasdbs,'SELECT * FROM `uasdbs`.`tempx` LIMIT 1000',0
20230212 07:38:23,ANOOBIS,ana,localhost,23,438,QUERY,uasdbs,'SET @OLD_FOREIGN_KEY_CHECKS=@@FOREIGN_KEY_CHECKS, FOREIGN_KEY_CHECKS=0',0
20230212 07:38:23,ANOOBIS,ana,localhost,23,439,WRITE,mysql,table_stats,
20230212 07:38:23,ANOOBIS,ana,localhost,23,439,WRITE,mysql,column_stats,
20230212 07:38:23,ANOOBIS,ana,localhost,23,439,WRITE,mysql,index_stats,
20230212 07:38:23,ANOOBIS,ana,localhost,23,439,DROP,uasdbs,tempx,
20230212 07:38:23,ANOOBIS,ana,localhost,23,439,QUERY,uasdbs,'DROP TABLE `tempx`',0
20230212 07:38:23,ANOOBIS,ana,localhost,23,440,QUERY,uasdbs,'SET FOREIGN_KEY_CHECKS=@OLD_FOREIGN_KEY_CHECKS',0
20230212 07:38:23,ANOOBIS,ana,localhost,23,441,QUERY,uasdbs,'SHOW DATABASES',0
20230212 07:38:23,ANOOBIS,ana,localhost,23,442,QUERY,uasdbs,'SELECT `DEFAULT_COLLATION_NAME` FROM `information_schema`.`SCHEMATA` WHERE `SCHEMA_NAME`=\'uasdbs\'',0
20230212 07:38:23,ANOOBIS,ana,localhost,23,443,QUERY,uasdbs,'SHOW TABLE STATUS FROM `uasdbs`',0
20230212 07:38:24,ANOOBIS,ana,localhost,23,444,READ,mysql,proc,
20230212 07:38:23,ANOOBIS,ana,localhost,23,444,QUERY,uasdbs,'SHOW FUNCTION STATUS WHERE `Db`=\'uasdbs\'',0
20230212 07:38:24,ANOOBIS,ana,localhost,23,445,READ,mysql,proc,
20230212 07:38:23,ANOOBIS,ana,localhost,23,445,QUERY,uasdbs,'SHOW PROCEDURE STATUS WHERE `Db`=\'uasdbs\'',0
20230212 07:38:24,ANOOBIS,ana,localhost,23,446,QUERY,uasdbs,'SHOW TRIGGERS FROM `uasdbs`',0
20230212 07:38:24,ANOOBIS,ana,localhost,23,447,READ,mysql,event,
20230212 07:38:24,ANOOBIS,ana,localhost,23,447,QUERY,uasdbs,'SELECT *, EVENT_SCHEMA AS `Db`, EVENT_NAME AS `Name` FROM information_schema.`EVENTS` WHERE `EVENT_SCHEMA`=\'uasdbs\'',0
20230212 07:42:15,ANOOBIS,ana,localhost,23,0,DISCONNECT,uasdbs,,0
20230212 07:42:21,ANOOBIS,adi,localhost,22,449,QUERY,uasdbs,'SHOW CREATE TABLE `uasdbs`.`customer`',0
20230212 07:42:23,ANOOBIS,adi,localhost,22,450,READ,uasdbs,customer,
20230212 07:42:23,ANOOBIS,adi,localhost,22,450,QUERY,uasdbs,'SELECT * FROM `uasdbs`.`customer` LIMIT 1000',0
20230212 07:42:27,ANOOBIS,adi,localhost,22,451,QUERY,uasdbs,'SELECT * FROM `information_schema`.`COLUMNS` WHERE TABLE_SCHEMA=\'uasdbs\' AND TABLE_NAME=\'idcardtype\' ORDER BY ORDINAL_POSITION',0
20230212 07:42:27,ANOOBIS,adi,localhost,22,452,QUERY,uasdbs,'SHOW INDEXES FROM `idcardtype` FROM `uasdbs`',0
20230212 07:42:27,ANOOBIS,adi,localhost,22,453,QUERY,uasdbs,'SELECT * FROM information_schema.REFERENTIAL_CONSTRAINTS WHERE   CONSTRAINT_SCHEMA=\'uasdbs\'   AND TABLE_NAME=\'idcardtype\'   AND REFERENCED_TABLE_NAME IS NOT NULL',0
20230212 07:42:27,ANOOBIS,adi,localhost,22,454,QUERY,uasdbs,'SELECT * FROM information_schema.KEY_COLUMN_USAGE WHERE   TABLE_SCHEMA=\'uasdbs\'   AND TABLE_NAME=\'idcardtype\'   AND REFERENCED_TABLE_NAME IS NOT NULL',0
20230212 07:42:27,ANOOBIS,adi,localhost,22,455,QUERY,uasdbs,'SHOW CREATE TABLE `uasdbs`.`idcardtype`',0
20230212 07:42:27,ANOOBIS,adi,localhost,22,456,QUERY,uasdbs,'SELECT CONSTRAINT_NAME, CHECK_CLAUSE FROM `information_schema`.`CHECK_CONSTRAINTS` WHERE CONSTRAINT_SCHEMA=\'uasdbs\' AND TABLE_NAME=\'idcardtype\'',0
20230212 07:42:27,ANOOBIS,adi,localhost,22,457,READ,uasdbs,idcardtype,
20230212 07:42:27,ANOOBIS,adi,localhost,22,457,QUERY,uasdbs,'SELECT * FROM `uasdbs`.`idcardtype` LIMIT 1000',0
20230212 07:42:28,ANOOBIS,adi,localhost,22,458,QUERY,uasdbs,'SELECT * FROM `information_schema`.`COLUMNS` WHERE TABLE_SCHEMA=\'uasdbs\' AND TABLE_NAME=\'roomtype\' ORDER BY ORDINAL_POSITION',0
20230212 07:42:28,ANOOBIS,adi,localhost,22,459,QUERY,uasdbs,'SHOW INDEXES FROM `roomtype` FROM `uasdbs`',0
20230212 07:42:28,ANOOBIS,adi,localhost,22,460,QUERY,uasdbs,'SELECT * FROM information_schema.REFERENTIAL_CONSTRAINTS WHERE   CONSTRAINT_SCHEMA=\'uasdbs\'   AND TABLE_NAME=\'roomtype\'   AND REFERENCED_TABLE_NAME IS NOT NULL',0
20230212 07:42:28,ANOOBIS,adi,localhost,22,461,QUERY,uasdbs,'SELECT * FROM information_schema.KEY_COLUMN_USAGE WHERE   TABLE_SCHEMA=\'uasdbs\'   AND TABLE_NAME=\'roomtype\'   AND REFERENCED_TABLE_NAME IS NOT NULL',0
20230212 07:42:28,ANOOBIS,adi,localhost,22,462,QUERY,uasdbs,'SHOW CREATE TABLE `uasdbs`.`roomtype`',0
20230212 07:42:28,ANOOBIS,adi,localhost,22,463,QUERY,uasdbs,'SELECT CONSTRAINT_NAME, CHECK_CLAUSE FROM `information_schema`.`CHECK_CONSTRAINTS` WHERE CONSTRAINT_SCHEMA=\'uasdbs\' AND TABLE_NAME=\'roomtype\'',0
20230212 07:42:28,ANOOBIS,adi,localhost,22,464,READ,uasdbs,roomtype,
20230212 07:42:28,ANOOBIS,adi,localhost,22,464,QUERY,uasdbs,'SELECT * FROM `uasdbs`.`roomtype` LIMIT 1000',0
20230212 07:42:29,ANOOBIS,adi,localhost,22,465,QUERY,uasdbs,'SHOW CREATE TABLE `uasdbs`.`customer`',0
20230212 07:42:29,ANOOBIS,adi,localhost,22,466,READ,uasdbs,customer,
20230212 07:42:29,ANOOBIS,adi,localhost,22,466,QUERY,uasdbs,'SELECT * FROM `uasdbs`.`customer` LIMIT 1000',0
20230212 07:42:34,ANOOBIS,adi,localhost,22,467,QUERY,uasdbs,'SET @OLD_FOREIGN_KEY_CHECKS=@@FOREIGN_KEY_CHECKS, FOREIGN_KEY_CHECKS=0',0
20230212 07:42:34,ANOOBIS,adi,localhost,22,468,WRITE,mysql,table_stats,
20230212 07:42:34,ANOOBIS,adi,localhost,22,468,WRITE,mysql,column_stats,
20230212 07:42:34,ANOOBIS,adi,localhost,22,468,WRITE,mysql,index_stats,
20230212 07:42:34,ANOOBIS,adi,localhost,22,468,DROP,uasdbs,customer,
20230212 07:42:34,ANOOBIS,adi,localhost,22,468,QUERY,uasdbs,'DROP TABLE `customer`',0
20230212 07:42:34,ANOOBIS,adi,localhost,22,469,QUERY,uasdbs,'SET FOREIGN_KEY_CHECKS=@OLD_FOREIGN_KEY_CHECKS',0
20230212 07:42:34,ANOOBIS,adi,localhost,22,470,QUERY,uasdbs,'SHOW DATABASES',0
20230212 07:42:34,ANOOBIS,adi,localhost,22,471,QUERY,uasdbs,'SELECT `DEFAULT_COLLATION_NAME` FROM `information_schema`.`SCHEMATA` WHERE `SCHEMA_NAME`=\'uasdbs\'',0
20230212 07:42:34,ANOOBIS,adi,localhost,22,472,QUERY,uasdbs,'SHOW TABLE STATUS FROM `uasdbs`',0
20230212 07:42:34,ANOOBIS,adi,localhost,22,473,READ,mysql,proc,
20230212 07:42:34,ANOOBIS,adi,localhost,22,473,QUERY,uasdbs,'SHOW FUNCTION STATUS WHERE `Db`=\'uasdbs\'',0
20230212 07:42:34,ANOOBIS,adi,localhost,22,474,READ,mysql,proc,
20230212 07:42:34,ANOOBIS,adi,localhost,22,474,QUERY,uasdbs,'SHOW PROCEDURE STATUS WHERE `Db`=\'uasdbs\'',0
20230212 07:42:34,ANOOBIS,adi,localhost,22,475,QUERY,uasdbs,'SHOW TRIGGERS FROM `uasdbs`',0
20230212 07:42:34,ANOOBIS,adi,localhost,22,476,READ,mysql,event,
20230212 07:42:34,ANOOBIS,adi,localhost,22,476,QUERY,uasdbs,'SELECT *, EVENT_SCHEMA AS `Db`, EVENT_NAME AS `Name` FROM information_schema.`EVENTS` WHERE `EVENT_SCHEMA`=\'uasdbs\'',0
20230212 07:42:46,ANOOBIS,adi,localhost,22,0,DISCONNECT,uasdbs,,0
20230212 07:42:54,ANOOBIS,root,localhost,15,478,QUERY,uasdbs,'SHOW DATABASES',0
20230212 07:42:55,ANOOBIS,root,localhost,15,479,QUERY,uasdbs,'SELECT `DEFAULT_COLLATION_NAME` FROM `information_schema`.`SCHEMATA` WHERE `SCHEMA_NAME`=\'uasdbs\'',0
20230212 07:42:55,ANOOBIS,root,localhost,15,480,QUERY,uasdbs,'SHOW TABLE STATUS FROM `uasdbs`',0
20230212 07:42:55,ANOOBIS,root,localhost,15,481,READ,mysql,proc,
20230212 07:42:55,ANOOBIS,root,localhost,15,481,QUERY,uasdbs,'SHOW FUNCTION STATUS WHERE `Db`=\'uasdbs\'',0
20230212 07:42:55,ANOOBIS,root,localhost,15,482,READ,mysql,proc,
20230212 07:42:55,ANOOBIS,root,localhost,15,482,QUERY,uasdbs,'SHOW PROCEDURE STATUS WHERE `Db`=\'uasdbs\'',0
20230212 07:42:55,ANOOBIS,root,localhost,15,483,QUERY,uasdbs,'SHOW TRIGGERS FROM `uasdbs`',0
20230212 07:42:55,ANOOBIS,root,localhost,15,484,READ,mysql,event,
20230212 07:42:55,ANOOBIS,root,localhost,15,484,QUERY,uasdbs,'SELECT *, EVENT_SCHEMA AS `Db`, EVENT_NAME AS `Name` FROM information_schema.`EVENTS` WHERE `EVENT_SCHEMA`=\'uasdbs\'',0
20230212 07:43:23,ANOOBIS,root,localhost,15,485,CREATE,uasdbs,customer,
20230212 07:43:23,ANOOBIS,root,localhost,15,485,QUERY,uasdbs,'CREATE TABLE `customer` (\r\n\t`id_customer` INT NULL,\r\n\t`nm_customer` VARCHAR(50) NULL DEFAULT NULL\r\n)\r\nCOLLATE=\'utf8mb4_general_ci\'',0
20230212 07:43:23,ANOOBIS,root,localhost,15,486,QUERY,uasdbs,'SELECT `DEFAULT_COLLATION_NAME` FROM `information_schema`.`SCHEMATA` WHERE `SCHEMA_NAME`=\'uasdbs\'',0
20230212 07:43:23,ANOOBIS,root,localhost,15,487,QUERY,uasdbs,'SHOW TABLE STATUS FROM `uasdbs`',0
20230212 07:43:23,ANOOBIS,root,localhost,15,488,READ,mysql,proc,
20230212 07:43:23,ANOOBIS,root,localhost,15,488,QUERY,uasdbs,'SHOW FUNCTION STATUS WHERE `Db`=\'uasdbs\'',0
20230212 07:43:23,ANOOBIS,root,localhost,15,489,READ,mysql,proc,
20230212 07:43:23,ANOOBIS,root,localhost,15,489,QUERY,uasdbs,'SHOW PROCEDURE STATUS WHERE `Db`=\'uasdbs\'',0
20230212 07:43:23,ANOOBIS,root,localhost,15,490,QUERY,uasdbs,'SHOW TRIGGERS FROM `uasdbs`',0
20230212 07:43:23,ANOOBIS,root,localhost,15,491,READ,mysql,event,
20230212 07:43:23,ANOOBIS,root,localhost,15,491,QUERY,uasdbs,'SELECT *, EVENT_SCHEMA AS `Db`, EVENT_NAME AS `Name` FROM information_schema.`EVENTS` WHERE `EVENT_SCHEMA`=\'uasdbs\'',0
20230212 07:43:23,ANOOBIS,root,localhost,15,492,QUERY,uasdbs,'SELECT * FROM `information_schema`.`COLUMNS` WHERE TABLE_SCHEMA=\'uasdbs\' AND TABLE_NAME=\'customer\' ORDER BY ORDINAL_POSITION',0
20230212 07:43:23,ANOOBIS,root,localhost,15,493,READ,mysql,table_stats,
20230212 07:43:23,ANOOBIS,root,localhost,15,493,READ,mysql,column_stats,
20230212 07:43:23,ANOOBIS,root,localhost,15,493,READ,mysql,index_stats,
20230212 07:43:23,ANOOBIS,root,localhost,15,493,QUERY,uasdbs,'SHOW INDEXES FROM `customer` FROM `uasdbs`',0
20230212 07:43:23,ANOOBIS,root,localhost,15,494,QUERY,uasdbs,'SELECT * FROM information_schema.REFERENTIAL_CONSTRAINTS WHERE   CONSTRAINT_SCHEMA=\'uasdbs\'   AND TABLE_NAME=\'customer\'   AND REFERENCED_TABLE_NAME IS NOT NULL',0
20230212 07:43:23,ANOOBIS,root,localhost,15,495,QUERY,uasdbs,'SELECT * FROM information_schema.KEY_COLUMN_USAGE WHERE   TABLE_SCHEMA=\'uasdbs\'   AND TABLE_NAME=\'customer\'   AND REFERENCED_TABLE_NAME IS NOT NULL',0
20230212 07:43:23,ANOOBIS,root,localhost,15,496,QUERY,uasdbs,'SHOW CREATE TABLE `uasdbs`.`customer`',0
20230212 07:43:23,ANOOBIS,root,localhost,15,497,QUERY,uasdbs,'SELECT CONSTRAINT_NAME, CHECK_CLAUSE FROM `information_schema`.`CHECK_CONSTRAINTS` WHERE CONSTRAINT_SCHEMA=\'uasdbs\' AND TABLE_NAME=\'customer\'',0
20230212 07:43:26,ANOOBIS,root,localhost,15,498,READ,uasdbs,customer,
20230212 07:43:26,ANOOBIS,root,localhost,15,498,QUERY,uasdbs,'SELECT * FROM `uasdbs`.`customer` LIMIT 1000',0
20230212 07:43:35,ANOOBIS,root,localhost,15,499,WRITE,uasdbs,customer,
20230212 07:43:35,ANOOBIS,root,localhost,15,499,QUERY,uasdbs,'INSERT INTO `uasdbs`.`customer` (`id_customer`, `nm_customer`) VALUES (\'1\', \'Arya Sitanggang\')',0
20230212 07:43:35,ANOOBIS,root,localhost,15,500,READ,uasdbs,customer,
20230212 07:43:35,ANOOBIS,root,localhost,15,500,QUERY,uasdbs,'SELECT `id_customer`, `nm_customer` FROM `uasdbs`.`customer` WHERE  `id_customer`=1 AND `nm_customer`=\'Arya Sitanggang\' LIMIT 1',0
20230212 07:43:40,ANOOBIS,root,localhost,15,501,QUERY,uasdbs,'SET @OLD_FOREIGN_KEY_CHECKS=@@FOREIGN_KEY_CHECKS, FOREIGN_KEY_CHECKS=0',0
20230212 07:43:40,ANOOBIS,root,localhost,15,502,WRITE,mysql,table_stats,
20230212 07:43:40,ANOOBIS,root,localhost,15,502,WRITE,mysql,column_stats,
20230212 07:43:40,ANOOBIS,root,localhost,15,502,WRITE,mysql,index_stats,
20230212 07:43:40,ANOOBIS,root,localhost,15,502,DROP,uasdbs,customer,
20230212 07:43:40,ANOOBIS,root,localhost,15,502,QUERY,uasdbs,'DROP TABLE `customer`',0
20230212 07:43:40,ANOOBIS,root,localhost,15,503,QUERY,uasdbs,'SET FOREIGN_KEY_CHECKS=@OLD_FOREIGN_KEY_CHECKS',0
20230212 07:43:40,ANOOBIS,root,localhost,15,504,QUERY,uasdbs,'SHOW DATABASES',0
20230212 07:43:40,ANOOBIS,root,localhost,15,505,QUERY,uasdbs,'SELECT `DEFAULT_COLLATION_NAME` FROM `information_schema`.`SCHEMATA` WHERE `SCHEMA_NAME`=\'uasdbs\'',0
20230212 07:43:40,ANOOBIS,root,localhost,15,506,QUERY,uasdbs,'SHOW TABLE STATUS FROM `uasdbs`',0
20230212 07:43:40,ANOOBIS,root,localhost,15,507,READ,mysql,proc,
20230212 07:43:40,ANOOBIS,root,localhost,15,507,QUERY,uasdbs,'SHOW FUNCTION STATUS WHERE `Db`=\'uasdbs\'',0
20230212 07:43:40,ANOOBIS,root,localhost,15,508,READ,mysql,proc,
20230212 07:43:40,ANOOBIS,root,localhost,15,508,QUERY,uasdbs,'SHOW PROCEDURE STATUS WHERE `Db`=\'uasdbs\'',0
20230212 07:43:40,ANOOBIS,root,localhost,15,509,QUERY,uasdbs,'SHOW TRIGGERS FROM `uasdbs`',0
20230212 07:43:40,ANOOBIS,root,localhost,15,510,READ,mysql,event,
20230212 07:43:40,ANOOBIS,root,localhost,15,510,QUERY,uasdbs,'SELECT *, EVENT_SCHEMA AS `Db`, EVENT_NAME AS `Name` FROM information_schema.`EVENTS` WHERE `EVENT_SCHEMA`=\'uasdbs\'',0
20230212 07:44:48,ANOOBIS,root,localhost,20,0,DISCONNECT,,,0
20230212 07:45:00,ANOOBIS,root,localhost,24,0,CONNECT,,,0
20230212 07:45:00,ANOOBIS,root,localhost,24,512,QUERY,,'flush logs',0
20230212 07:45:00,ANOOBIS,root,localhost,24,0,DISCONNECT,,,0
